Archive member included to satisfy reference by file (symbol)

/opt/homebrew/Cellar/arm-none-eabi-gcc/10.3-2021.10/gcc/bin/../lib/gcc/arm-none-eabi/10.3.1/../../../../arm-none-eabi/lib/thumb/v7e-m+fp/hard/libc.a(lib_a-ctype_.o)
                              _build/nrf_log_str_formatter.o (_ctype_)
/opt/homebrew/Cellar/arm-none-eabi-gcc/10.3-2021.10/gcc/bin/../lib/gcc/arm-none-eabi/10.3.1/../../../../arm-none-eabi/lib/thumb/v7e-m+fp/hard/libc.a(lib_a-exit.o)
                              /opt/homebrew/Cellar/arm-none-eabi-gcc/10.3-2021.10/gcc/bin/../lib/gcc/arm-none-eabi/10.3.1/../../../../arm-none-eabi/lib/thumb/v7e-m+fp/hard/crt0.o (exit)
/opt/homebrew/Cellar/arm-none-eabi-gcc/10.3-2021.10/gcc/bin/../lib/gcc/arm-none-eabi/10.3.1/../../../../arm-none-eabi/lib/thumb/v7e-m+fp/hard/libc.a(lib_a-impure.o)
                              /opt/homebrew/Cellar/arm-none-eabi-gcc/10.3-2021.10/gcc/bin/../lib/gcc/arm-none-eabi/10.3.1/../../../../arm-none-eabi/lib/thumb/v7e-m+fp/hard/libc.a(lib_a-exit.o) (_global_impure_ptr)
/opt/homebrew/Cellar/arm-none-eabi-gcc/10.3-2021.10/gcc/bin/../lib/gcc/arm-none-eabi/10.3.1/../../../../arm-none-eabi/lib/thumb/v7e-m+fp/hard/libc.a(lib_a-init.o)
                              /opt/homebrew/Cellar/arm-none-eabi-gcc/10.3-2021.10/gcc/bin/../lib/gcc/arm-none-eabi/10.3.1/../../../../arm-none-eabi/lib/thumb/v7e-m+fp/hard/crt0.o (__libc_init_array)
/opt/homebrew/Cellar/arm-none-eabi-gcc/10.3-2021.10/gcc/bin/../lib/gcc/arm-none-eabi/10.3.1/../../../../arm-none-eabi/lib/thumb/v7e-m+fp/hard/libc.a(lib_a-memcmp.o)
                              _build/nrf_twi_mngr.o (memcmp)
/opt/homebrew/Cellar/arm-none-eabi-gcc/10.3-2021.10/gcc/bin/../lib/gcc/arm-none-eabi/10.3.1/../../../../arm-none-eabi/lib/thumb/v7e-m+fp/hard/libc.a(lib_a-memcpy.o)
                              _build/app_scheduler.o (memcpy)
/opt/homebrew/Cellar/arm-none-eabi-gcc/10.3-2021.10/gcc/bin/../lib/gcc/arm-none-eabi/10.3.1/../../../../arm-none-eabi/lib/thumb/v7e-m+fp/hard/libc.a(lib_a-memset.o)
                              /opt/homebrew/Cellar/arm-none-eabi-gcc/10.3-2021.10/gcc/bin/../lib/gcc/arm-none-eabi/10.3.1/../../../../arm-none-eabi/lib/thumb/v7e-m+fp/hard/crt0.o (memset)
/opt/homebrew/Cellar/arm-none-eabi-gcc/10.3-2021.10/gcc/bin/../lib/gcc/arm-none-eabi/10.3.1/../../../../arm-none-eabi/lib/thumb/v7e-m+fp/hard/libc.a(lib_a-printf.o)
                              _build/main.o (printf)
/opt/homebrew/Cellar/arm-none-eabi-gcc/10.3-2021.10/gcc/bin/../lib/gcc/arm-none-eabi/10.3.1/../../../../arm-none-eabi/lib/thumb/v7e-m+fp/hard/libc.a(lib_a-setbuf.o)
                              _build/microbit_before_startup.o (setbuf)
/opt/homebrew/Cellar/arm-none-eabi-gcc/10.3-2021.10/gcc/bin/../lib/gcc/arm-none-eabi/10.3.1/../../../../arm-none-eabi/lib/thumb/v7e-m+fp/hard/libc.a(lib_a-setvbuf.o)
                              /opt/homebrew/Cellar/arm-none-eabi-gcc/10.3-2021.10/gcc/bin/../lib/gcc/arm-none-eabi/10.3.1/../../../../arm-none-eabi/lib/thumb/v7e-m+fp/hard/libc.a(lib_a-setbuf.o) (setvbuf)
/opt/homebrew/Cellar/arm-none-eabi-gcc/10.3-2021.10/gcc/bin/../lib/gcc/arm-none-eabi/10.3.1/../../../../arm-none-eabi/lib/thumb/v7e-m+fp/hard/libc.a(lib_a-strlen.o)
                              _build/nrf_fprintf_format.o (strlen)
/opt/homebrew/Cellar/arm-none-eabi-gcc/10.3-2021.10/gcc/bin/../lib/gcc/arm-none-eabi/10.3.1/../../../../arm-none-eabi/lib/thumb/v7e-m+fp/hard/libc.a(lib_a-vfprintf.o)
                              /opt/homebrew/Cellar/arm-none-eabi-gcc/10.3-2021.10/gcc/bin/../lib/gcc/arm-none-eabi/10.3.1/../../../../arm-none-eabi/lib/thumb/v7e-m+fp/hard/libc.a(lib_a-printf.o) (_vfprintf_r)
/opt/homebrew/Cellar/arm-none-eabi-gcc/10.3-2021.10/gcc/bin/../lib/gcc/arm-none-eabi/10.3.1/../../../../arm-none-eabi/lib/thumb/v7e-m+fp/hard/libc.a(lib_a-wsetup.o)
                              /opt/homebrew/Cellar/arm-none-eabi-gcc/10.3-2021.10/gcc/bin/../lib/gcc/arm-none-eabi/10.3.1/../../../../arm-none-eabi/lib/thumb/v7e-m+fp/hard/libc.a(lib_a-vfprintf.o) (__swsetup_r)
/opt/homebrew/Cellar/arm-none-eabi-gcc/10.3-2021.10/gcc/bin/../lib/gcc/arm-none-eabi/10.3.1/../../../../arm-none-eabi/lib/thumb/v7e-m+fp/hard/libc.a(lib_a-__call_atexit.o)
                              /opt/homebrew/Cellar/arm-none-eabi-gcc/10.3-2021.10/gcc/bin/../lib/gcc/arm-none-eabi/10.3.1/../../../../arm-none-eabi/lib/thumb/v7e-m+fp/hard/libc.a(lib_a-exit.o) (__call_exitprocs)
/opt/homebrew/Cellar/arm-none-eabi-gcc/10.3-2021.10/gcc/bin/../lib/gcc/arm-none-eabi/10.3.1/../../../../arm-none-eabi/lib/thumb/v7e-m+fp/hard/libc.a(lib_a-atexit.o)
                              /opt/homebrew/Cellar/arm-none-eabi-gcc/10.3-2021.10/gcc/bin/../lib/gcc/arm-none-eabi/10.3.1/../../../../arm-none-eabi/lib/thumb/v7e-m+fp/hard/libc.a(lib_a-__call_atexit.o) (atexit)
/opt/homebrew/Cellar/arm-none-eabi-gcc/10.3-2021.10/gcc/bin/../lib/gcc/arm-none-eabi/10.3.1/../../../../arm-none-eabi/lib/thumb/v7e-m+fp/hard/libc.a(lib_a-dtoa.o)
[...]
Memory Configuration

Name             Origin             Length             Attributes
FLASH            0x0000000000000000 0x0000000000080000 xr
RAM              0x0000000020000000 0x0000000000020000 xrw
*default*        0x0000000000000000 0xffffffffffffffff

Linker script and memory map

                0x000000000007f000                __stop_ot_flash_data = ((ORIGIN (FLASH) + LENGTH (FLASH)) - FLASH_PAGE_SIZE)
                0x000000000007b000                __start_ot_flash_data = (__stop_ot_flash_data - (FLASH_PAGE_SIZE * FLASH_DATA_PAGES_USED))
                0x0000000000000001                ASSERT ((__start_ot_flash_data >= (__etext + SIZEOF (.data))), Error: Code overlaps flash data area.)

.text           0x0000000000000000     0xbf28
 *(.isr_vector)
 .isr_vector    0x0000000000000000      0x200 _build/gcc_startup_nrf52833.os
                0x0000000000000000                __isr_vector
 *(.text*)
 .text          0x0000000000000200       0x40 /opt/homebrew/Cellar/arm-none-eabi-gcc/10.3-2021.10/gcc/bin/../lib/gcc/arm-none-eabi/10.3.1/thumb/v7e-m+fp/hard/crtbegin.o
 .text          0x0000000000000240       0x7c /opt/homebrew/Cellar/arm-none-eabi-gcc/10.3-2021.10/gcc/bin/../lib/gcc/arm-none-eabi/10.3.1/../../../../arm-none-eabi/lib/thumb/v7e-m+fp/hard/crt0.o
                0x0000000000000240                _stack_init
                0x0000000000000248                _mainCRTStartup
                0x0000000000000248                _start
 .text.startup.main
                0x00000000000002bc       0x54 _build/main.o
                0x00000000000002bc                main
 .text.nrf_gpio_pin_port_decode
                0x0000000000000310       0x30 _build/better_error_handling.o
 .text.nrf_gpio_pin_clear
                0x0000000000000340       0x1a _build/better_error_handling.o
 .text.nrf_gpio_pin_set
                0x000000000000035a       0x1a _build/better_error_handling.o
 .text.nrf_delay_ms.part.0
                0x0000000000000374       0x1c _build/better_error_handling.o
 .text.error_blink_pattern
                0x0000000000000390      0x104 _build/better_error_handling.o
 .text.app_error_fault_handler
                0x0000000000000494       0x74 _build/better_error_handling.o
                0x0000000000000494                app_error_fault_handler
 .text.HardFault_c_handler
                0x0000000000000508       0xec _build/better_error_handling.o
                0x0000000000000508                HardFault_c_handler
 .text._close   0x00000000000005f4        0x2 _build/clib_stubs.o
                0x00000000000005f4                _close
 .text._fstat   0x00000000000005f6        0x2 _build/clib_stubs.o
                0x00000000000005f6                _fstat
 .text._getpid  0x00000000000005f8        0x2 _build/clib_stubs.o
                0x00000000000005f8                _getpid
 .text._isatty  0x00000000000005fa        0x2 _build/clib_stubs.o
                0x00000000000005fa                _isatty
 .text._kill    0x00000000000005fc        0x2 _build/clib_stubs.o
                0x00000000000005fc                _kill
 .text._lseek   0x00000000000005fe        0x2 _build/clib_stubs.o
                0x00000000000005fe                _lseek
 .text.startup.called_first
                0x0000000000000600       0x48 _build/microbit_before_startup.o
                0x0000000000000600                called_first
 .text.nrf_log_backend_uart_flush
                0x0000000000000648        0x2 _build/microbit_nrf_log_backend_uart.o
 *fill*         0x000000000000064a        0x2 
 .text.nrf_log_backend_uart_put
                0x000000000000064c       0x1c _build/microbit_nrf_log_backend_uart.o
 .text.uart_init.constprop.0
                0x0000000000000668       0x54 _build/microbit_nrf_log_backend_uart.o
 .text.serial_tx
                0x00000000000006bc       0x50 _build/microbit_nrf_log_backend_uart.o
 .text.nrf_log_backend_uart_panic_set
                0x000000000000070c       0x2c _build/microbit_nrf_log_backend_uart.o
 .text.nrf_log_backend_uart_init
                0x0000000000000738        0x4 _build/microbit_nrf_log_backend_uart.o
                0x0000000000000738                nrf_log_backend_uart_init
 .text._write   0x000000000000073c       0x2c _build/microbit_retarget.o
                0x000000000000073c                _write
 .text._read    0x0000000000000768       0x30 _build/microbit_retarget.o
                0x0000000000000768                _read
 .text.app_error_handler
                0x0000000000000798       0x1a _build/app_error_handler_gcc.o
                0x0000000000000798                app_error_handler
 *fill*         0x00000000000007b2        0x2 
 .text.nrfx_coredep_delay_us.part.0.constprop.0
                0x00000000000007b4       0x10 _build/app_timer.o
 .text.RTC1_IRQHandler
                0x00000000000007c4       0x9c _build/app_timer.o
                0x00000000000007c4                RTC1_IRQHandler
 .text.SWI0_EGU0_IRQHandler
                0x0000000000000860      0x2b8 _build/app_timer.o
                0x0000000000000860                SWI0_EGU0_IRQHandler
 .text.app_util_disable_irq
                0x0000000000000b18       0x10 _build/app_util_platform.o
                0x0000000000000b18                app_util_disable_irq
 .text.app_util_enable_irq
                0x0000000000000b28       0x14 _build/app_util_platform.o
                0x0000000000000b28                app_util_enable_irq
 .text.privilege_level_get
                0x0000000000000b3c       0x1a _build/app_util_platform.o
                0x0000000000000b3c                privilege_level_get
 *fill*         0x0000000000000b56        0x2 
 .text.app_util_critical_region_enter
                0x0000000000000b58       0x20 _build/app_util_platform.o
                0x0000000000000b58                app_util_critical_region_enter
 .text.app_util_critical_region_exit
                0x0000000000000b78       0x20 _build/app_util_platform.o
                0x0000000000000b78                app_util_critical_region_exit
 .text.HardFault_Handler
                0x0000000000000b98       0x34 _build/hardfault_handler_gcc.o
                0x0000000000000b98                HardFault_Handler
 .text.assert_nrf_callback
                0x0000000000000bcc       0x1a _build/nrf_assert.o
                0x0000000000000bcc                assert_nrf_callback
 .text.nrf_atomic_u32_fetch_store
                0x0000000000000be6       0x16 _build/nrf_atomic.o
                0x0000000000000be6                nrf_atomic_u32_fetch_store
 .text.nrf_atomic_u32_or
                0x0000000000000bfc       0x18 _build/nrf_atomic.o
                0x0000000000000bfc                nrf_atomic_u32_or
 .text.nrf_atomic_u32_fetch_and
                0x0000000000000c14       0x18 _build/nrf_atomic.o
                0x0000000000000c14                nrf_atomic_u32_fetch_and
 .text.nrf_atomic_u32_add
                0x0000000000000c2c       0x18 _build/nrf_atomic.o
                0x0000000000000c2c                nrf_atomic_u32_add
 .text.nrf_atomic_u32_sub
                0x0000000000000c44       0x18 _build/nrf_atomic.o
                0x0000000000000c44                nrf_atomic_u32_sub
 .text.nrf_atomic_flag_set
                0x0000000000000c5c        0x6 _build/nrf_atomic.o
                0x0000000000000c5c                nrf_atomic_flag_set
 .text.nrf_atomic_flag_clear_fetch
                0x0000000000000c62        0x6 _build/nrf_atomic.o
                0x0000000000000c62                nrf_atomic_flag_clear_fetch
 .text.nrf_balloc_init
                0x0000000000000c68       0x7c _build/nrf_balloc.o
                0x0000000000000c68                nrf_balloc_init
 .text.nrf_balloc_alloc
                0x0000000000000ce4       0x54 _build/nrf_balloc.o
                0x0000000000000ce4                nrf_balloc_alloc
 .text.nrf_balloc_free
                0x0000000000000d38       0x48 _build/nrf_balloc.o
                0x0000000000000d38                nrf_balloc_free
 .text.uarte_evt_handler
                0x0000000000000d80       0x34 _build/nrf_drv_uart.o
 .text.uart_evt_handler
                0x0000000000000db4       0x34 _build/nrf_drv_uart.o
 .text.nrf_drv_uart_init
                0x0000000000000de8       0x7c _build/nrf_drv_uart.o
                0x0000000000000de8                nrf_drv_uart_init
 .text.nrf_fprintf_buffer_flush
                0x0000000000000e64       0x24 _build/nrf_fprintf.o
                0x0000000000000e64                nrf_fprintf_buffer_flush
 .text.nrf_fprintf
                0x0000000000000e88       0x54 _build/nrf_fprintf.o
                0x0000000000000e88                nrf_fprintf
 .text.buffer_add
                0x0000000000000edc       0x1e _build/nrf_fprintf_format.o
 *fill*         0x0000000000000efa        0x2 
 .text.unsigned_print
                0x0000000000000efc       0xb4 _build/nrf_fprintf_format.o
 .text.nrf_fprintf_fmt
                0x0000000000000fb0      0x2d0 _build/nrf_fprintf_format.o
                0x0000000000000fb0                nrf_fprintf_fmt
 .text.nrf_log_backend_serial_put
                0x0000000000001280       0xc2 _build/nrf_log_backend_serial.o
                0x0000000000001280                nrf_log_backend_serial_put
 *fill*         0x0000000000001342        0x2 
 .text.nrf_log_default_backends_init
                0x0000000000001344       0x30 _build/nrf_log_default_backends.o
                0x0000000000001344                nrf_log_default_backends_init
 .text.invalid_packets_omit
                0x0000000000001374       0x3a _build/nrf_log_frontend.o
 *fill*         0x00000000000013ae        0x2 
 .text.buf_prealloc
                0x00000000000013b0      0x144 _build/nrf_log_frontend.o
 .text.nrf_log_init
                0x00000000000014f4       0x3c _build/nrf_log_frontend.o
                0x00000000000014f4                nrf_log_init
 .text.nrf_log_module_name_get
                0x0000000000001530       0x38 _build/nrf_log_frontend.o
                0x0000000000001530                nrf_log_module_name_get
 .text.nrf_log_color_id_get
                0x0000000000001568       0x2c _build/nrf_log_frontend.o
                0x0000000000001568                nrf_log_color_id_get
 .text.buffer_is_empty
                0x0000000000001594       0x14 _build/nrf_log_frontend.o
                0x0000000000001594                buffer_is_empty
 .text.nrf_log_frontend_dequeue
                0x00000000000015a8      0x224 _build/nrf_log_frontend.o
                0x00000000000015a8                nrf_log_frontend_dequeue
 .text.std_n    0x00000000000017cc       0xb8 _build/nrf_log_frontend.o
 .text.nrf_log_frontend_std_0
                0x0000000000001884        0x8 _build/nrf_log_frontend.o
                0x0000000000001884                nrf_log_frontend_std_0
 .text.nrf_log_frontend_std_1
                0x000000000000188c       0x12 _build/nrf_log_frontend.o
                0x000000000000188c                nrf_log_frontend_std_1
 .text.nrf_log_frontend_std_3
                0x000000000000189e       0x18 _build/nrf_log_frontend.o
                0x000000000000189e                nrf_log_frontend_std_3
 .text.nrf_log_frontend_std_4
                0x00000000000018b6       0x1c _build/nrf_log_frontend.o
                0x00000000000018b6                nrf_log_frontend_std_4
 *fill*         0x00000000000018d2        0x2 
 .text.nrf_log_backend_add
                0x00000000000018d4       0x54 _build/nrf_log_frontend.o
                0x00000000000018d4                nrf_log_backend_add
 .text.nrf_log_panic
                0x0000000000001928       0x28 _build/nrf_log_frontend.o
                0x0000000000001928                nrf_log_panic
 .text.prefix_process
                0x0000000000001950       0x7c _build/nrf_log_str_formatter.o
 .text.postfix_process
                0x00000000000019cc       0x44 _build/nrf_log_str_formatter.o
 .text.nrf_log_std_entry_process
                0x0000000000001a10       0xc8 _build/nrf_log_str_formatter.o
                0x0000000000001a10                nrf_log_std_entry_process
 .text.nrf_log_hexdump_entry_process
                0x0000000000001ad8       0xc0 _build/nrf_log_str_formatter.o
                0x0000000000001ad8                nrf_log_hexdump_entry_process
 .text.memobj_op
                0x0000000000001b98       0xa8 _build/nrf_memobj.o
 .text.nrf_memobj_pool_init
                0x0000000000001c40        0x4 _build/nrf_memobj.o
                0x0000000000001c40                nrf_memobj_pool_init
 .text.nrf_memobj_free
                0x0000000000001c44       0x2c _build/nrf_memobj.o
                0x0000000000001c44                nrf_memobj_free
 .text.nrf_memobj_alloc
                0x0000000000001c70       0x5e _build/nrf_memobj.o
                0x0000000000001c70                nrf_memobj_alloc
 .text.nrf_memobj_get
                0x0000000000001cce        0x8 _build/nrf_memobj.o
                0x0000000000001cce                nrf_memobj_get
 .text.nrf_memobj_put
                0x0000000000001cd6       0x1c _build/nrf_memobj.o
                0x0000000000001cd6                nrf_memobj_put
 *fill*         0x0000000000001cf2        0x2 
 .text.nrf_memobj_write
                0x0000000000001cf4       0x28 _build/nrf_memobj.o
                0x0000000000001cf4                nrf_memobj_write
 .text.nrf_memobj_read
                0x0000000000001d1c       0x28 _build/nrf_memobj.o
                0x0000000000001d1c                nrf_memobj_read
 .text.nrf_ringbuf_init
                0x0000000000001d44       0x1c _build/nrf_ringbuf.o
                0x0000000000001d44                nrf_ringbuf_init
 .text.nrf_strerror_find
                0x0000000000001d60       0x3c _build/nrf_strerror.o
                0x0000000000001d60                nrf_strerror_find
 .text.nrf_strerror_get
                0x0000000000001d9c       0x14 _build/nrf_strerror.o
                0x0000000000001d9c                nrf_strerror_get
 .text.POWER_CLOCK_IRQHandler
                0x0000000000001db0       0x5c _build/nrfx_clock.o
                0x0000000000001db0                POWER_CLOCK_IRQHandler
 .text.nrf_gpiote_event_clear
                0x0000000000001e0c       0x18 _build/nrfx_gpiote.o
 .text.nrf_bitmask_bit_set
                0x0000000000001e24       0x14 _build/nrfx_gpiote.o
 .text.nrf_gpio_pin_port_decode
                0x0000000000001e38       0x30 _build/nrfx_gpiote.o
 .text.nrf_gpio_cfg_sense_set
                0x0000000000001e68       0x2e _build/nrfx_gpiote.o
 *fill*         0x0000000000001e96        0x2 
 .text.nrf_gpio_ports_read.constprop.0
                0x0000000000001e98       0x18 _build/nrfx_gpiote.o
 .text.GPIOTE_IRQHandler
                0x0000000000001eb0      0x19c _build/nrfx_gpiote.o
                0x0000000000001eb0                GPIOTE_IRQHandler
 .text.UARTE0_UART0_IRQHandler
                0x000000000000204c       0x20 _build/nrfx_prs.o
                0x000000000000204c                UARTE0_UART0_IRQHandler
 .text.nrfx_prs_acquire
                0x000000000000206c       0x44 _build/nrfx_prs.o
                0x000000000000206c                nrfx_prs_acquire
 .text.nrfx_prs_release
                0x00000000000020b0       0x28 _build/nrfx_prs.o
                0x00000000000020b0                nrfx_prs_release
 .text.nrf_pwm_event_clear
                0x00000000000020d8       0x10 _build/nrfx_pwm.o
 .text.irq_handler
                0x00000000000020e8       0x80 _build/nrfx_pwm.o
 .text.PWM0_IRQHandler
                0x0000000000002168       0x10 _build/nrfx_pwm.o
                0x0000000000002168                PWM0_IRQHandler
 .text.PWM1_IRQHandler
                0x0000000000002178       0x10 _build/nrfx_pwm.o
                0x0000000000002178                PWM1_IRQHandler
 .text.nrf_saadc_event_clear
                0x0000000000002188       0x18 _build/nrfx_saadc.o
 .text.SAADC_IRQHandler
                0x00000000000021a0      0x154 _build/nrfx_saadc.o
                0x00000000000021a0                SAADC_IRQHandler
 .text.nrf_gpio_pin_port_decode
                0x00000000000022f4       0x30 _build/nrfx_spim.o
 .text.nrf_gpio_pin_clear
                0x0000000000002324       0x1a _build/nrfx_spim.o
 .text.nrf_gpio_pin_set
                0x000000000000233e       0x1a _build/nrfx_spim.o
 .text.SPIM2_SPIS2_SPI2_IRQHandler
                0x0000000000002358       0x64 _build/nrfx_spim.o
                0x0000000000002358                SPIM2_SPIS2_SPI2_IRQHandler
 .text.irq_handler.constprop.0
                0x00000000000023bc       0x4c _build/nrfx_timer.o
 .text.TIMER0_IRQHandler
                0x0000000000002408       0x10 _build/nrfx_timer.o
                0x0000000000002408                TIMER0_IRQHandler
 .text.TIMER1_IRQHandler
                0x0000000000002418       0x10 _build/nrfx_timer.o
                0x0000000000002418                TIMER1_IRQHandler
 .text.nrf_twim_event_clear
                0x0000000000002428       0x10 _build/nrfx_twim.o
 .text.xfer_completeness_check
                0x0000000000002438       0x6c _build/nrfx_twim.o
 .text.twim_irq_handler
                0x00000000000024a4      0x138 _build/nrfx_twim.o
 .text.SPIM0_SPIS0_TWIM0_TWIS0_SPI0_TWI0_IRQHandler
                0x00000000000025dc       0x10 _build/nrfx_twim.o
                0x00000000000025dc                SPIM0_SPIS0_TWIM0_TWIS0_SPI0_TWI0_IRQHandler
 .text.SPIM1_SPIS1_TWIM1_TWIS1_SPI1_TWI1_IRQHandler
                0x00000000000025ec       0x10 _build/nrfx_twim.o
                0x00000000000025ec                SPIM1_SPIS1_TWIM1_TWIS1_SPI1_TWI1_IRQHandler
 .text.nrf_uart_event_clear
                0x00000000000025fc       0x10 _build/nrfx_uart.o
 .text.tx_byte  0x000000000000260c       0x1e _build/nrfx_uart.o
 .text.rx_enable
                0x000000000000262a       0x20 _build/nrfx_uart.o
 *fill*         0x000000000000264a        0x2 
 .text.nrf_gpio_pin_port_decode
                0x000000000000264c       0x30 _build/nrfx_uart.o
 .text.nrf_gpio_cfg_default
                0x000000000000267c       0x1c _build/nrfx_uart.o
 .text.rx_byte  0x0000000000002698       0x2c _build/nrfx_uart.o
 .text.rx_done_event.constprop.0
                0x00000000000026c4       0x20 _build/nrfx_uart.o
 .text.nrfx_uart_0_irq_handler
                0x00000000000026e4      0x144 _build/nrfx_uart.o
                0x00000000000026e4                nrfx_uart_0_irq_handler
 .text.nrfx_uart_init
                0x0000000000002828      0x1e0 _build/nrfx_uart.o
                0x0000000000002828                nrfx_uart_init
 .text.nrfx_uart_uninit
                0x0000000000002a08       0xc0 _build/nrfx_uart.o
                0x0000000000002a08                nrfx_uart_uninit
 .text.nrfx_uart_tx_in_progress
                0x0000000000002ac8       0x18 _build/nrfx_uart.o
                0x0000000000002ac8                nrfx_uart_tx_in_progress
 .text.nrfx_uart_tx
                0x0000000000002ae0       0xe0 _build/nrfx_uart.o
                0x0000000000002ae0                nrfx_uart_tx
 .text.nrfx_uart_rx
                0x0000000000002bc0      0x134 _build/nrfx_uart.o
                0x0000000000002bc0                nrfx_uart_rx
 .text.nrf_uarte_event_clear
                0x0000000000002cf4       0x10 _build/nrfx_uarte.o
 .text.rx_done_event
                0x0000000000002d04       0x1a _build/nrfx_uarte.o
 *fill*         0x0000000000002d1e        0x2 
 .text.nrf_gpio_pin_port_decode
                0x0000000000002d20       0x30 _build/nrfx_uarte.o
 .text.nrf_gpio_cfg_default
                0x0000000000002d50       0x1c _build/nrfx_uarte.o
 .text.uarte_irq_handler
                0x0000000000002d6c      0x10a _build/nrfx_uarte.o
 *fill*         0x0000000000002e76        0x2 
 .text.nrfx_uarte_0_irq_handler
                0x0000000000002e78       0x10 _build/nrfx_uarte.o
                0x0000000000002e78                nrfx_uarte_0_irq_handler
 .text.UARTE1_IRQHandler
                0x0000000000002e88       0x10 _build/nrfx_uarte.o
                0x0000000000002e88                UARTE1_IRQHandler
 .text.nrfx_uarte_init
                0x0000000000002e98      0x1fc _build/nrfx_uarte.o
                0x0000000000002e98                nrfx_uarte_init
 .text.nrfx_uarte_uninit
                0x0000000000003094       0xec _build/nrfx_uarte.o
                0x0000000000003094                nrfx_uarte_uninit
 .text.nrfx_uarte_tx_in_progress
                0x0000000000003180       0x18 _build/nrfx_uarte.o
                0x0000000000003180                nrfx_uarte_tx_in_progress
 .text.nrfx_uarte_tx
                0x0000000000003198       0xf8 _build/nrfx_uarte.o
                0x0000000000003198                nrfx_uarte_tx
 .text.nrfx_uarte_rx
                0x0000000000003290      0x134 _build/nrfx_uarte.o
                0x0000000000003290                nrfx_uarte_rx
 .text.__NVIC_SystemReset
                0x00000000000033c4       0x24 _build/system_nrf52833.o
 .text.errata_36
                0x00000000000033e8       0x1a _build/system_nrf52833.o
 *fill*         0x0000000000003402        0x2 
 .text.SystemInit
                0x0000000000003404      0x19c _build/system_nrf52833.o
                0x0000000000003404                SystemInit
 .text          0x00000000000035a0       0x3c _build/gcc_startup_nrf52833.os
                0x00000000000035a0                Reset_Handler
                0x00000000000035c8                NMI_Handler
                0x00000000000035cc                MemoryManagement_Handler
                0x00000000000035ce                BusFault_Handler
                0x00000000000035d0                UsageFault_Handler
                0x00000000000035d2                SVC_Handler
                0x00000000000035d4                DebugMon_Handler
                0x00000000000035d6                PendSV_Handler
                0x00000000000035d8                SysTick_Handler
                0x00000000000035da                FPU_IRQHandler
                0x00000000000035da                USBD_IRQHandler
                0x00000000000035da                TIMER4_IRQHandler
                0x00000000000035da                I2S_IRQHandler
                0x00000000000035da                SWI4_EGU4_IRQHandler
                0x00000000000035da                SPIM3_IRQHandler
                0x00000000000035da                PWM2_IRQHandler
                0x00000000000035da                ECB_IRQHandler
                0x00000000000035da                Default_Handler
                0x00000000000035da                CCM_AAR_IRQHandler
                0x00000000000035da                WDT_IRQHandler
                0x00000000000035da                SWI5_EGU5_IRQHandler
                0x00000000000035da                RNG_IRQHandler
                0x00000000000035da                RTC2_IRQHandler
                0x00000000000035da                SWI3_EGU3_IRQHandler
                0x00000000000035da                SWI1_EGU1_IRQHandler
                0x00000000000035da                NFCT_IRQHandler
                0x00000000000035da                MWU_IRQHandler
                0x00000000000035da                TIMER2_IRQHandler
                0x00000000000035da                COMP_LPCOMP_IRQHandler
                0x00000000000035da                RTC0_IRQHandler
                0x00000000000035da                SWI2_EGU2_IRQHandler
                0x00000000000035da                RADIO_IRQHandler
                0x00000000000035da                PDM_IRQHandler
                0x00000000000035da                TEMP_IRQHandler
                0x00000000000035da                QDEC_IRQHandler
                0x00000000000035da                TIMER3_IRQHandler
                0x00000000000035da                PWM3_IRQHandler
 .text.exit     0x00000000000035dc       0x20 /opt/homebrew/Cellar/arm-none-eabi-gcc/10.3-2021.10/gcc/bin/../lib/gcc/arm-none-eabi/10.3.1/../../../../arm-none-eabi/lib/thumb/v7e-m+fp/hard/libc.a(lib_a-exit.o)
                0x00000000000035dc                exit
 .text.__libc_init_array
                0x00000000000035fc       0x48 /opt/homebrew/Cellar/arm-none-eabi-gcc/10.3-2021.10/gcc/bin/../lib/gcc/arm-none-eabi/10.3.1/../../../../arm-none-eabi/lib/thumb/v7e-m+fp/hard/libc.a(lib_a-init.o)
                0x00000000000035fc                __libc_init_array
 .text          0x0000000000003644      0x134 /opt/homebrew/Cellar/arm-none-eabi-gcc/10.3-2021.10/gcc/bin/../lib/gcc/arm-none-eabi/10.3.1/../../../../arm-none-eabi/lib/thumb/v7e-m+fp/hard/libc.a(lib_a-memcpy.o)
                0x0000000000003644                memcpy
 .text.memset   0x0000000000003778       0xa4 /opt/homebrew/Cellar/arm-none-eabi-gcc/10.3-2021.10/gcc/bin/../lib/gcc/arm-none-eabi/10.3.1/../../../../arm-none-eabi/lib/thumb/v7e-m+fp/hard/libc.a(lib_a-memset.o)
                0x0000000000003778                memset
 .text.printf   0x000000000000381c       0x28 /opt/homebrew/Cellar/arm-none-eabi-gcc/10.3-2021.10/gcc/bin/../lib/gcc/arm-none-eabi/10.3.1/../../../../arm-none-eabi/lib/thumb/v7e-m+fp/hard/libc.a(lib_a-printf.o)
                0x000000000000381c                printf
 .text.setbuf   0x0000000000003844       0x10 /opt/homebrew/Cellar/arm-none-eabi-gcc/10.3-2021.10/gcc/bin/../lib/gcc/arm-none-eabi/10.3.1/../../../../arm-none-eabi/lib/thumb/v7e-m+fp/hard/libc.a(lib_a-setbuf.o)
                0x0000000000003844                setbuf
 .text.setvbuf  0x0000000000003854      0x1b0 /opt/homebrew/Cellar/arm-none-eabi-gcc/10.3-2021.10/gcc/bin/../lib/gcc/arm-none-eabi/10.3.1/../../../../arm-none-eabi/lib/thumb/v7e-m+fp/hard/libc.a(lib_a-setvbuf.o)
                0x0000000000003854                setvbuf
 *fill*         0x0000000000003a04       0x3c 
 .text          0x0000000000003a40       0xdc /opt/homebrew/Cellar/arm-none-eabi-gcc/10.3-2021.10/gcc/bin/../lib/gcc/arm-none-eabi/10.3.1/../../../../arm-none-eabi/lib/thumb/v7e-m+fp/hard/libc.a(lib_a-strlen.o)
                0x0000000000003a40                strlen
 *fill*         0x0000000000003b1c        0x4 
 .text._vfprintf_r
                0x0000000000003b20     0x1b90 /opt/homebrew/Cellar/arm-none-eabi-gcc/10.3-2021.10/gcc/bin/../lib/gcc/arm-none-eabi/10.3.1/../../../../arm-none-eabi/lib/thumb/v7e-m+fp/hard/libc.a(lib_a-vfprintf.o)
                0x0000000000003b20                _vfprintf_r
 .text.__sbprintf
                0x00000000000056b0       0x80 /opt/homebrew/Cellar/arm-none-eabi-gcc/10.3-2021.10/gcc/bin/../lib/gcc/arm-none-eabi/10.3.1/../../../../arm-none-eabi/lib/thumb/v7e-m+fp/hard/libc.a(lib_a-vfprintf.o)
 .text.__swsetup_r
                0x0000000000005730       0xd4 /opt/homebrew/Cellar/arm-none-eabi-gcc/10.3-2021.10/gcc/bin/../lib/gcc/arm-none-eabi/10.3.1/../../../../arm-none-eabi/lib/thumb/v7e-m+fp/hard/libc.a(lib_a-wsetup.o)
                0x0000000000005730                __swsetup_r
 .text.startup.register_fini
                0x0000000000005804       0x14 /opt/homebrew/Cellar/arm-none-eabi-gcc/10.3-2021.10/gcc/bin/../lib/gcc/arm-none-eabi/10.3.1/../../../../arm-none-eabi/lib/thumb/v7e-m+fp/hard/libc.a(lib_a-__call_atexit.o)
 .text.__call_exitprocs
                0x0000000000005818       0xcc /opt/homebrew/Cellar/arm-none-eabi-gcc/10.3-2021.10/gcc/bin/../lib/gcc/arm-none-eabi/10.3.1/../../../../arm-none-eabi/lib/thumb/v7e-m+fp/hard/libc.a(lib_a-__call_atexit.o)
                0x0000000000005818                __call_exitprocs
 .text.atexit   0x00000000000058e4        0xc /opt/homebrew/Cellar/arm-none-eabi-gcc/10.3-2021.10/gcc/bin/../lib/gcc/arm-none-eabi/10.3.1/../../../../arm-none-eabi/lib/thumb/v7e-m+fp/hard/libc.a(lib_a-atexit.o)
                0x00000000000058e4                atexit
 .text.quorem   0x00000000000058f0      0x128 /opt/homebrew/Cellar/arm-none-eabi-gcc/10.3-2021.10/gcc/bin/../lib/gcc/arm-none-eabi/10.3.1/../../../../arm-none-eabi/lib/thumb/v7e-m+fp/hard/libc.a(lib_a-dtoa.o)
 .text._dtoa_r  0x0000000000005a18      0xf3c /opt/homebrew/Cellar/arm-none-eabi-gcc/10.3-2021.10/gcc/bin/../lib/gcc/arm-none-eabi/10.3.1/../../../../arm-none-eabi/lib/thumb/v7e-m+fp/hard/libc.a(lib_a-dtoa.o)
                0x0000000000005a18                _dtoa_r
 .text.__sflush_r
                0x0000000000006954      0x130 /opt/homebrew/Cellar/arm-none-eabi-gcc/10.3-2021.10/gcc/bin/../lib/gcc/arm-none-eabi/10.3.1/../../../../arm-none-eabi/lib/thumb/v7e-m+fp/hard/libc.a(lib_a-fflush.o)
                0x0000000000006954                __sflush_r
 .text._fflush_r
                0x0000000000006a84       0x5c /opt/homebrew/Cellar/arm-none-eabi-gcc/10.3-2021.10/gcc/bin/../lib/gcc/arm-none-eabi/10.3.1/../../../../arm-none-eabi/lib/thumb/v7e-m+fp/hard/libc.a(lib_a-fflush.o)
                0x0000000000006a84                _fflush_r
 .text._cleanup_r
                0x0000000000006ae0        0xc /opt/homebrew/Cellar/arm-none-eabi-gcc/10.3-2021.10/gcc/bin/../lib/gcc/arm-none-eabi/10.3.1/../../../../arm-none-eabi/lib/thumb/v7e-m+fp/hard/libc.a(lib_a-findfp.o)
                0x0000000000006ae0                _cleanup_r
 .text.__sinit  0x0000000000006aec      0x10c /opt/homebrew/Cellar/arm-none-eabi-gcc/10.3-2021.10/gcc/bin/../lib/gcc/arm-none-eabi/10.3.1/../../../../arm-none-eabi/lib/thumb/v7e-m+fp/hard/libc.a(lib_a-findfp.o)
                0x0000000000006aec                __sinit
 .text.__sfp_lock_acquire
                0x0000000000006bf8        0xc /opt/homebrew/Cellar/arm-none-eabi-gcc/10.3-2021.10/gcc/bin/../lib/gcc/arm-none-eabi/10.3.1/../../../../arm-none-eabi/lib/thumb/v7e-m+fp/hard/libc.a(lib_a-findfp.o)
                0x0000000000006bf8                __sfp_lock_acquire
 .text.__sfp_lock_release
                0x0000000000006c04        0xc /opt/homebrew/Cellar/arm-none-eabi-gcc/10.3-2021.10/gcc/bin/../lib/gcc/arm-none-eabi/10.3.1/../../../../arm-none-eabi/lib/thumb/v7e-m+fp/hard/libc.a(lib_a-findfp.o)
                0x0000000000006c04                __sfp_lock_release
 .text.__libc_fini_array
                0x0000000000006c10       0x2c /opt/homebrew/Cellar/arm-none-eabi-gcc/10.3-2021.10/gcc/bin/../lib/gcc/arm-none-eabi/10.3.1/../../../../arm-none-eabi/lib/thumb/v7e-m+fp/hard/libc.a(lib_a-fini.o)
                0x0000000000006c10                __libc_fini_array
 .text._malloc_trim_r
                0x0000000000006c3c       0xa0 /opt/homebrew/Cellar/arm-none-eabi-gcc/10.3-2021.10/gcc/bin/../lib/gcc/arm-none-eabi/10.3.1/../../../../arm-none-eabi/lib/thumb/v7e-m+fp/hard/libc.a(lib_a-freer.o)
                0x0000000000006c3c                _malloc_trim_r
 .text._free_r  0x0000000000006cdc      0x20c /opt/homebrew/Cellar/arm-none-eabi-gcc/10.3-2021.10/gcc/bin/../lib/gcc/arm-none-eabi/10.3.1/../../../../arm-none-eabi/lib/thumb/v7e-m+fp/hard/libc.a(lib_a-freer.o)
                0x0000000000006cdc                _free_r
 .text._fwalk_reent
                0x0000000000006ee8       0x48 /opt/homebrew/Cellar/arm-none-eabi-gcc/10.3-2021.10/gcc/bin/../lib/gcc/arm-none-eabi/10.3.1/../../../../arm-none-eabi/lib/thumb/v7e-m+fp/hard/libc.a(lib_a-fwalk.o)
                0x0000000000006ee8                _fwalk_reent
 .text._localeconv_r
                0x0000000000006f30        0x8 /opt/homebrew/Cellar/arm-none-eabi-gcc/10.3-2021.10/gcc/bin/../lib/gcc/arm-none-eabi/10.3.1/../../../../arm-none-eabi/lib/thumb/v7e-m+fp/hard/libc.a(lib_a-localeconv.o)
                0x0000000000006f30                _localeconv_r
 .text.__retarget_lock_init_recursive
                0x0000000000006f38        0x4 /opt/homebrew/Cellar/arm-none-eabi-gcc/10.3-2021.10/gcc/bin/../lib/gcc/arm-none-eabi/10.3.1/../../../../arm-none-eabi/lib/thumb/v7e-m+fp/hard/libc.a(lib_a-lock.o)
                0x0000000000006f38                __retarget_lock_init_recursive
 .text.__retarget_lock_close_recursive
                0x0000000000006f3c        0x4 /opt/homebrew/Cellar/arm-none-eabi-gcc/10.3-2021.10/gcc/bin/../lib/gcc/arm-none-eabi/10.3.1/../../../../arm-none-eabi/lib/thumb/v7e-m+fp/hard/libc.a(lib_a-lock.o)
                0x0000000000006f3c                __retarget_lock_close_recursive
 .text.__retarget_lock_acquire_recursive
                0x0000000000006f40        0x4 /opt/homebrew/Cellar/arm-none-eabi-gcc/10.3-2021.10/gcc/bin/../lib/gcc/arm-none-eabi/10.3.1/../../../../arm-none-eabi/lib/thumb/v7e-m+fp/hard/libc.a(lib_a-lock.o)
                0x0000000000006f40                __retarget_lock_acquire_recursive
 .text.__retarget_lock_release_recursive
                0x0000000000006f44        0x4 /opt/homebrew/Cellar/arm-none-eabi-gcc/10.3-2021.10/gcc/bin/../lib/gcc/arm-none-eabi/10.3.1/../../../../arm-none-eabi/lib/thumb/v7e-m+fp/hard/libc.a(lib_a-lock.o)
                0x0000000000006f44                __retarget_lock_release_recursive
 .text.__smakebuf_r
                0x0000000000006f48       0xe0 /opt/homebrew/Cellar/arm-none-eabi-gcc/10.3-2021.10/gcc/bin/../lib/gcc/arm-none-eabi/10.3.1/../../../../arm-none-eabi/lib/thumb/v7e-m+fp/hard/libc.a(lib_a-makebuf.o)
                0x0000000000006f48                __smakebuf_r
 .text.__swhatbuf_r
                0x0000000000007028       0x60 /opt/homebrew/Cellar/arm-none-eabi-gcc/10.3-2021.10/gcc/bin/../lib/gcc/arm-none-eabi/10.3.1/../../../../arm-none-eabi/lib/thumb/v7e-m+fp/hard/libc.a(lib_a-makebuf.o)
                0x0000000000007028                __swhatbuf_r
 .text.malloc   0x0000000000007088       0x10 /opt/homebrew/Cellar/arm-none-eabi-gcc/10.3-2021.10/gcc/bin/../lib/gcc/arm-none-eabi/10.3.1/../../../../arm-none-eabi/lib/thumb/v7e-m+fp/hard/libc.a(lib_a-malloc.o)
                0x0000000000007088                malloc
 .text._malloc_r
                0x0000000000007098      0x560 /opt/homebrew/Cellar/arm-none-eabi-gcc/10.3-2021.10/gcc/bin/../lib/gcc/arm-none-eabi/10.3.1/../../../../arm-none-eabi/lib/thumb/v7e-m+fp/hard/libc.a(lib_a-mallocr.o)
                0x0000000000007098                _malloc_r
 *fill*         0x00000000000075f8        0x8 
 .text          0x0000000000007600       0xa0 /opt/homebrew/Cellar/arm-none-eabi-gcc/10.3-2021.10/gcc/bin/../lib/gcc/arm-none-eabi/10.3.1/../../../../arm-none-eabi/lib/thumb/v7e-m+fp/hard/libc.a(lib_a-memchr.o)
                0x0000000000007600                memchr
 .text.__malloc_lock
                0x00000000000076a0        0xc /opt/homebrew/Cellar/arm-none-eabi-gcc/10.3-2021.10/gcc/bin/../lib/gcc/arm-none-eabi/10.3.1/../../../../arm-none-eabi/lib/thumb/v7e-m+fp/hard/libc.a(lib_a-mlock.o)
                0x00000000000076a0                __malloc_lock
 .text.__malloc_unlock
                0x00000000000076ac        0xc /opt/homebrew/Cellar/arm-none-eabi-gcc/10.3-2021.10/gcc/bin/../lib/gcc/arm-none-eabi/10.3.1/../../../../arm-none-eabi/lib/thumb/v7e-m+fp/hard/libc.a(lib_a-mlock.o)
                0x00000000000076ac                __malloc_unlock
 .text._Balloc  0x00000000000076b8       0x4c /opt/homebrew/Cellar/arm-none-eabi-gcc/10.3-2021.10/gcc/bin/../lib/gcc/arm-none-eabi/10.3.1/../../../../arm-none-eabi/lib/thumb/v7e-m+fp/hard/libc.a(lib_a-mprec.o)
                0x00000000000076b8                _Balloc
 .text._Bfree   0x0000000000007704       0x14 /opt/homebrew/Cellar/arm-none-eabi-gcc/10.3-2021.10/gcc/bin/../lib/gcc/arm-none-eabi/10.3.1/../../../../arm-none-eabi/lib/thumb/v7e-m+fp/hard/libc.a(lib_a-mprec.o)
                0x0000000000007704                _Bfree
 .text.__multadd
                0x0000000000007718       0xa8 /opt/homebrew/Cellar/arm-none-eabi-gcc/10.3-2021.10/gcc/bin/../lib/gcc/arm-none-eabi/10.3.1/../../../../arm-none-eabi/lib/thumb/v7e-m+fp/hard/libc.a(lib_a-mprec.o)
                0x0000000000007718                __multadd
 .text.__hi0bits
                0x00000000000077c0       0x40 /opt/homebrew/Cellar/arm-none-eabi-gcc/10.3-2021.10/gcc/bin/../lib/gcc/arm-none-eabi/10.3.1/../../../../arm-none-eabi/lib/thumb/v7e-m+fp/hard/libc.a(lib_a-mprec.o)
                0x00000000000077c0                __hi0bits
 .text.__lo0bits
                0x0000000000007800       0x60 /opt/homebrew/Cellar/arm-none-eabi-gcc/10.3-2021.10/gcc/bin/../lib/gcc/arm-none-eabi/10.3.1/../../../../arm-none-eabi/lib/thumb/v7e-m+fp/hard/libc.a(lib_a-mprec.o)
                0x0000000000007800                __lo0bits
 .text.__i2b    0x0000000000007860       0x5c /opt/homebrew/Cellar/arm-none-eabi-gcc/10.3-2021.10/gcc/bin/../lib/gcc/arm-none-eabi/10.3.1/../../../../arm-none-eabi/lib/thumb/v7e-m+fp/hard/libc.a(lib_a-mprec.o)
                0x0000000000007860                __i2b
 .text.__multiply
                0x00000000000078bc      0x15c /opt/homebrew/Cellar/arm-none-eabi-gcc/10.3-2021.10/gcc/bin/../lib/gcc/arm-none-eabi/10.3.1/../../../../arm-none-eabi/lib/thumb/v7e-m+fp/hard/libc.a(lib_a-mprec.o)
                0x00000000000078bc                __multiply
 .text.__pow5mult
                0x0000000000007a18       0xc0 /opt/homebrew/Cellar/arm-none-eabi-gcc/10.3-2021.10/gcc/bin/../lib/gcc/arm-none-eabi/10.3.1/../../../../arm-none-eabi/lib/thumb/v7e-m+fp/hard/libc.a(lib_a-mprec.o)
                0x0000000000007a18                __pow5mult
 .text.__lshift
                0x0000000000007ad8       0xf0 /opt/homebrew/Cellar/arm-none-eabi-gcc/10.3-2021.10/gcc/bin/../lib/gcc/arm-none-eabi/10.3.1/../../../../arm-none-eabi/lib/thumb/v7e-m+fp/hard/libc.a(lib_a-mprec.o)
                0x0000000000007ad8                __lshift
 .text.__mcmp   0x0000000000007bc8       0x44 /opt/homebrew/Cellar/arm-none-eabi-gcc/10.3-2021.10/gcc/bin/../lib/gcc/arm-none-eabi/10.3.1/../../../../arm-none-eabi/lib/thumb/v7e-m+fp/hard/libc.a(lib_a-mprec.o)
                0x0000000000007bc8                __mcmp
 .text.__mdiff  0x0000000000007c0c      0x14c /opt/homebrew/Cellar/arm-none-eabi-gcc/10.3-2021.10/gcc/bin/../lib/gcc/arm-none-eabi/10.3.1/../../../../arm-none-eabi/lib/thumb/v7e-m+fp/hard/libc.a(lib_a-mprec.o)
                0x0000000000007c0c                __mdiff
 .text.__d2b    0x0000000000007d58       0xd0 /opt/homebrew/Cellar/arm-none-eabi-gcc/10.3-2021.10/gcc/bin/../lib/gcc/arm-none-eabi/10.3.1/../../../../arm-none-eabi/lib/thumb/v7e-m+fp/hard/libc.a(lib_a-mprec.o)
                0x0000000000007d58                __d2b
 .text.frexp    0x0000000000007e28       0x6c /opt/homebrew/Cellar/arm-none-eabi-gcc/10.3-2021.10/gcc/bin/../lib/gcc/arm-none-eabi/10.3.1/../../../../arm-none-eabi/lib/thumb/v7e-m+fp/hard/libc.a(lib_a-s_frexp.o)
                0x0000000000007e28                frexp
 .text._sbrk_r  0x0000000000007e94       0x24 /opt/homebrew/Cellar/arm-none-eabi-gcc/10.3-2021.10/gcc/bin/../lib/gcc/arm-none-eabi/10.3.1/../../../../arm-none-eabi/lib/thumb/v7e-m+fp/hard/libc.a(lib_a-sbrkr.o)
                0x0000000000007e94                _sbrk_r
 .text.__sread  0x0000000000007eb8       0x24 /opt/homebrew/Cellar/arm-none-eabi-gcc/10.3-2021.10/gcc/bin/../lib/gcc/arm-none-eabi/10.3.1/../../../../arm-none-eabi/lib/thumb/v7e-m+fp/hard/libc.a(lib_a-stdio.o)
                0x0000000000007eb8                __sread
 .text.__swrite
                0x0000000000007edc       0x40 /opt/homebrew/Cellar/arm-none-eabi-gcc/10.3-2021.10/gcc/bin/../lib/gcc/arm-none-eabi/10.3.1/../../../../arm-none-eabi/lib/thumb/v7e-m+fp/hard/libc.a(lib_a-stdio.o)
                0x0000000000007edc                __swrite
 .text.__sseek  0x0000000000007f1c       0x20 /opt/homebrew/Cellar/arm-none-eabi-gcc/10.3-2021.10/gcc/bin/../lib/gcc/arm-none-eabi/10.3.1/../../../../arm-none-eabi/lib/thumb/v7e-m+fp/hard/libc.a(lib_a-stdio.o)
                0x0000000000007f1c                __sseek
 .text.__sclose
                0x0000000000007f3c        0x8 /opt/homebrew/Cellar/arm-none-eabi-gcc/10.3-2021.10/gcc/bin/../lib/gcc/arm-none-eabi/10.3.1/../../../../arm-none-eabi/lib/thumb/v7e-m+fp/hard/libc.a(lib_a-stdio.o)
                0x0000000000007f3c                __sclose
 .text.strncpy  0x0000000000007f44       0x64 /opt/homebrew/Cellar/arm-none-eabi-gcc/10.3-2021.10/gcc/bin/../lib/gcc/arm-none-eabi/10.3.1/../../../../arm-none-eabi/lib/thumb/v7e-m+fp/hard/libc.a(lib_a-strncpy.o)
                0x0000000000007f44                strncpy
 .text.__sprint_r.part.0
                0x0000000000007fa8       0x78 /opt/homebrew/Cellar/arm-none-eabi-gcc/10.3-2021.10/gcc/bin/../lib/gcc/arm-none-eabi/10.3.1/../../../../arm-none-eabi/lib/thumb/v7e-m+fp/hard/libc.a(lib_a-vfiprintf.o)
 .text.__sprint_r
                0x0000000000008020       0x18 /opt/homebrew/Cellar/arm-none-eabi-gcc/10.3-2021.10/gcc/bin/../lib/gcc/arm-none-eabi/10.3.1/../../../../arm-none-eabi/lib/thumb/v7e-m+fp/hard/libc.a(lib_a-vfiprintf.o)
                0x0000000000008020                __sprint_r
 .text._vfiprintf_r
                0x0000000000008038      0xdfc /opt/homebrew/Cellar/arm-none-eabi-gcc/10.3-2021.10/gcc/bin/../lib/gcc/arm-none-eabi/10.3.1/../../../../arm-none-eabi/lib/thumb/v7e-m+fp/hard/libc.a(lib_a-vfiprintf.o)
                0x0000000000008038                _vfiprintf_r
 .text.__sbprintf
                0x0000000000008e34       0x80 /opt/homebrew/Cellar/arm-none-eabi-gcc/10.3-2021.10/gcc/bin/../lib/gcc/arm-none-eabi/10.3.1/../../../../arm-none-eabi/lib/thumb/v7e-m+fp/hard/libc.a(lib_a-vfiprintf.o)
 .text._write_r
                0x0000000000008eb4       0x2c /opt/homebrew/Cellar/arm-none-eabi-gcc/10.3-2021.10/gcc/bin/../lib/gcc/arm-none-eabi/10.3.1/../../../../arm-none-eabi/lib/thumb/v7e-m+fp/hard/libc.a(lib_a-writer.o)
                0x0000000000008eb4                _write_r
 .text.__register_exitproc
                0x0000000000008ee0       0x8c /opt/homebrew/Cellar/arm-none-eabi-gcc/10.3-2021.10/gcc/bin/../lib/gcc/arm-none-eabi/10.3.1/../../../../arm-none-eabi/lib/thumb/v7e-m+fp/hard/libc.a(lib_a-__atexit.o)
                0x0000000000008ee0                __register_exitproc
 .text.__assert_func
                0x0000000000008f6c       0x40 /opt/homebrew/Cellar/arm-none-eabi-gcc/10.3-2021.10/gcc/bin/../lib/gcc/arm-none-eabi/10.3.1/../../../../arm-none-eabi/lib/thumb/v7e-m+fp/hard/libc.a(lib_a-assert.o)
                0x0000000000008f6c                __assert_func
 .text._calloc_r
                0x0000000000008fac       0x78 /opt/homebrew/Cellar/arm-none-eabi-gcc/10.3-2021.10/gcc/bin/../lib/gcc/arm-none-eabi/10.3.1/../../../../arm-none-eabi/lib/thumb/v7e-m+fp/hard/libc.a(lib_a-callocr.o)
                0x0000000000008fac                _calloc_r
 .text._close_r
                0x0000000000009024       0x24 /opt/homebrew/Cellar/arm-none-eabi-gcc/10.3-2021.10/gcc/bin/../lib/gcc/arm-none-eabi/10.3.1/../../../../arm-none-eabi/lib/thumb/v7e-m+fp/hard/libc.a(lib_a-closer.o)
                0x0000000000009024                _close_r
 .text.__errno  0x0000000000009048        0xc /opt/homebrew/Cellar/arm-none-eabi-gcc/10.3-2021.10/gcc/bin/../lib/gcc/arm-none-eabi/10.3.1/../../../../arm-none-eabi/lib/thumb/v7e-m+fp/hard/libc.a(lib_a-errno.o)
                0x0000000000009048                __errno
 .text._fclose_r
                0x0000000000009054       0xcc /opt/homebrew/Cellar/arm-none-eabi-gcc/10.3-2021.10/gcc/bin/../lib/gcc/arm-none-eabi/10.3.1/../../../../arm-none-eabi/lib/thumb/v7e-m+fp/hard/libc.a(lib_a-fclose.o)
                0x0000000000009054                _fclose_r
 .text.fiprintf
                0x0000000000009120       0x28 /opt/homebrew/Cellar/arm-none-eabi-gcc/10.3-2021.10/gcc/bin/../lib/gcc/arm-none-eabi/10.3.1/../../../../arm-none-eabi/lib/thumb/v7e-m+fp/hard/libc.a(lib_a-fiprintf.o)
                0x0000000000009120                fiprintf
 .text.__fputwc
                0x0000000000009148       0xa8 /opt/homebrew/Cellar/arm-none-eabi-gcc/10.3-2021.10/gcc/bin/../lib/gcc/arm-none-eabi/10.3.1/../../../../arm-none-eabi/lib/thumb/v7e-m+fp/hard/libc.a(lib_a-fputwc.o)
                0x0000000000009148                __fputwc
 .text._fputwc_r
                0x00000000000091f0       0x68 /opt/homebrew/Cellar/arm-none-eabi-gcc/10.3-2021.10/gcc/bin/../lib/gcc/arm-none-eabi/10.3.1/../../../../arm-none-eabi/lib/thumb/v7e-m+fp/hard/libc.a(lib_a-fputwc.o)
                0x00000000000091f0                _fputwc_r
 .text._fstat_r
                0x0000000000009258       0x2c /opt/homebrew/Cellar/arm-none-eabi-gcc/10.3-2021.10/gcc/bin/../lib/gcc/arm-none-eabi/10.3.1/../../../../arm-none-eabi/lib/thumb/v7e-m+fp/hard/libc.a(lib_a-fstatr.o)
                0x0000000000009258                _fstat_r
 .text.__sfvwrite_r
                0x0000000000009284      0x2f0 /opt/homebrew/Cellar/arm-none-eabi-gcc/10.3-2021.10/gcc/bin/../lib/gcc/arm-none-eabi/10.3.1/../../../../arm-none-eabi/lib/thumb/v7e-m+fp/hard/libc.a(lib_a-fvwrite.o)
                0x0000000000009284                __sfvwrite_r
 .text._isatty_r
                0x0000000000009574       0x24 /opt/homebrew/Cellar/arm-none-eabi-gcc/10.3-2021.10/gcc/bin/../lib/gcc/arm-none-eabi/10.3.1/../../../../arm-none-eabi/lib/thumb/v7e-m+fp/hard/libc.a(lib_a-isattyr.o)
                0x0000000000009574                _isatty_r
 .text.__locale_mb_cur_max
                0x0000000000009598        0xc /opt/homebrew/Cellar/arm-none-eabi-gcc/10.3-2021.10/gcc/bin/../lib/gcc/arm-none-eabi/10.3.1/../../../../arm-none-eabi/lib/thumb/v7e-m+fp/hard/libc.a(lib_a-locale.o)
                0x0000000000009598                __locale_mb_cur_max
 .text._lseek_r
                0x00000000000095a4       0x2c /opt/homebrew/Cellar/arm-none-eabi-gcc/10.3-2021.10/gcc/bin/../lib/gcc/arm-none-eabi/10.3.1/../../../../arm-none-eabi/lib/thumb/v7e-m+fp/hard/libc.a(lib_a-lseekr.o)
                0x00000000000095a4                _lseek_r
 .text.__ascii_mbtowc
                0x00000000000095d0       0x2c /opt/homebrew/Cellar/arm-none-eabi-gcc/10.3-2021.10/gcc/bin/../lib/gcc/arm-none-eabi/10.3.1/../../../../arm-none-eabi/lib/thumb/v7e-m+fp/hard/libc.a(lib_a-mbtowc_r.o)
                0x00000000000095d0                __ascii_mbtowc
 .text.memmove  0x00000000000095fc       0xf8 /opt/homebrew/Cellar/arm-none-eabi-gcc/10.3-2021.10/gcc/bin/../lib/gcc/arm-none-eabi/10.3.1/../../../../arm-none-eabi/lib/thumb/v7e-m+fp/hard/libc.a(lib_a-memmove.o)
                0x00000000000095fc                memmove
 .text._read_r  0x00000000000096f4       0x2c /opt/homebrew/Cellar/arm-none-eabi-gcc/10.3-2021.10/gcc/bin/../lib/gcc/arm-none-eabi/10.3.1/../../../../arm-none-eabi/lib/thumb/v7e-m+fp/hard/libc.a(lib_a-readr.o)
                0x00000000000096f4                _read_r
 .text._realloc_r
                0x0000000000009720      0x3d8 /opt/homebrew/Cellar/arm-none-eabi-gcc/10.3-2021.10/gcc/bin/../lib/gcc/arm-none-eabi/10.3.1/../../../../arm-none-eabi/lib/thumb/v7e-m+fp/hard/libc.a(lib_a-reallocr.o)
                0x0000000000009720                _realloc_r
 .text.__swbuf_r
                0x0000000000009af8       0xb0 /opt/homebrew/Cellar/arm-none-eabi-gcc/10.3-2021.10/gcc/bin/../lib/gcc/arm-none-eabi/10.3.1/../../../../arm-none-eabi/lib/thumb/v7e-m+fp/hard/libc.a(lib_a-wbuf.o)
                0x0000000000009af8                __swbuf_r
 .text._wcrtomb_r
                0x0000000000009ba8       0x3c /opt/homebrew/Cellar/arm-none-eabi-gcc/10.3-2021.10/gcc/bin/../lib/gcc/arm-none-eabi/10.3.1/../../../../arm-none-eabi/lib/thumb/v7e-m+fp/hard/libc.a(lib_a-wcrtomb.o)
                0x0000000000009ba8                _wcrtomb_r
 .text.__ascii_wctomb
                0x0000000000009be4       0x1c /opt/homebrew/Cellar/arm-none-eabi-gcc/10.3-2021.10/gcc/bin/../lib/gcc/arm-none-eabi/10.3.1/../../../../arm-none-eabi/lib/thumb/v7e-m+fp/hard/libc.a(lib_a-wctomb_r.o)
                0x0000000000009be4                __ascii_wctomb
 .text.abort    0x0000000000009c00       0x10 /opt/homebrew/Cellar/arm-none-eabi-gcc/10.3-2021.10/gcc/bin/../lib/gcc/arm-none-eabi/10.3.1/../../../../arm-none-eabi/lib/thumb/v7e-m+fp/hard/libc.a(lib_a-abort.o)
                0x0000000000009c00                abort
 .text.raise    0x0000000000009c10       0x5c /opt/homebrew/Cellar/arm-none-eabi-gcc/10.3-2021.10/gcc/bin/../lib/gcc/arm-none-eabi/10.3.1/../../../../arm-none-eabi/lib/thumb/v7e-m+fp/hard/libc.a(lib_a-signal.o)
                0x0000000000009c10                raise
 .text._kill_r  0x0000000000009c6c       0x2c /opt/homebrew/Cellar/arm-none-eabi-gcc/10.3-2021.10/gcc/bin/../lib/gcc/arm-none-eabi/10.3.1/../../../../arm-none-eabi/lib/thumb/v7e-m+fp/hard/libc.a(lib_a-signalr.o)
                0x0000000000009c6c                _kill_r
 .text._getpid_r
                0x0000000000009c98        0x4 /opt/homebrew/Cellar/arm-none-eabi-gcc/10.3-2021.10/gcc/bin/../lib/gcc/arm-none-eabi/10.3.1/../../../../arm-none-eabi/lib/thumb/v7e-m+fp/hard/libc.a(lib_a-signalr.o)
                0x0000000000009c98                _getpid_r
 .text._sbrk    0x0000000000009c9c       0x1c /opt/homebrew/Cellar/arm-none-eabi-gcc/10.3-2021.10/gcc/bin/../lib/gcc/arm-none-eabi/10.3.1/../../../../arm-none-eabi/lib/thumb/v7e-m+fp/hard/libnosys.a(sbrk.o)
                0x0000000000009c9c                _sbrk
 .text._exit    0x0000000000009cb8        0x4 /opt/homebrew/Cellar/arm-none-eabi-gcc/10.3-2021.10/gcc/bin/../lib/gcc/arm-none-eabi/10.3.1/../../../../arm-none-eabi/lib/thumb/v7e-m+fp/hard/libnosys.a(_exit.o)
                0x0000000000009cb8                _exit
 .text          0x0000000000009cbc      0x378 /opt/homebrew/Cellar/arm-none-eabi-gcc/10.3-2021.10/gcc/bin/../lib/gcc/arm-none-eabi/10.3.1/thumb/v7e-m+fp/hard/libgcc.a(_arm_addsubdf3.o)
                0x0000000000009cbc                __aeabi_drsub
                0x0000000000009cc4                __subdf3
                0x0000000000009cc4                __aeabi_dsub
                0x0000000000009cc8                __aeabi_dadd
                0x0000000000009cc8                __adddf3
                0x0000000000009f40                __aeabi_ui2d
                0x0000000000009f40                __floatunsidf
                0x0000000000009f60                __floatsidf
                0x0000000000009f60                __aeabi_i2d
                0x0000000000009f84                __extendsfdf2
                0x0000000000009f84                __aeabi_f2d
                0x0000000000009fc8                __aeabi_ul2d
                0x0000000000009fc8                __floatundidf
                0x0000000000009fd8                __aeabi_l2d
                0x0000000000009fd8                __floatdidf
 .text          0x000000000000a034      0x424 /opt/homebrew/Cellar/arm-none-eabi-gcc/10.3-2021.10/gcc/bin/../lib/gcc/arm-none-eabi/10.3.1/thumb/v7e-m+fp/hard/libgcc.a(_arm_muldivdf3.o)
                0x000000000000a034                __aeabi_dmul
                0x000000000000a034                __muldf3
                0x000000000000a288                __aeabi_ddiv
                0x000000000000a288                __divdf3
 .text          0x000000000000a458      0x110 /opt/homebrew/Cellar/arm-none-eabi-gcc/10.3-2021.10/gcc/bin/../lib/gcc/arm-none-eabi/10.3.1/thumb/v7e-m+fp/hard/libgcc.a(_arm_cmpdf2.o)
                0x000000000000a458                __gedf2
                0x000000000000a458                __gtdf2
                0x000000000000a460                __ledf2
                0x000000000000a460                __ltdf2
                0x000000000000a468                __cmpdf2
                0x000000000000a468                __eqdf2
                0x000000000000a468                __nedf2
                0x000000000000a4e4                __aeabi_cdrcmple
                0x000000000000a4f4                __aeabi_cdcmple
                0x000000000000a4f4                __aeabi_cdcmpeq
                0x000000000000a504                __aeabi_dcmpeq
                0x000000000000a518                __aeabi_dcmplt
                0x000000000000a52c                __aeabi_dcmple
                0x000000000000a540                __aeabi_dcmpge
                0x000000000000a554                __aeabi_dcmpgt
 .text          0x000000000000a568       0x2c /opt/homebrew/Cellar/arm-none-eabi-gcc/10.3-2021.10/gcc/bin/../lib/gcc/arm-none-eabi/10.3.1/thumb/v7e-m+fp/hard/libgcc.a(_arm_unorddf2.o)
                0x000000000000a568                __aeabi_dcmpun
                0x000000000000a568                __unorddf2
 .text          0x000000000000a594       0x50 /opt/homebrew/Cellar/arm-none-eabi-gcc/10.3-2021.10/gcc/bin/../lib/gcc/arm-none-eabi/10.3.1/thumb/v7e-m+fp/hard/libgcc.a(_arm_fixdfsi.o)
                0x000000000000a594                __fixdfsi
                0x000000000000a594                __aeabi_d2iz
 .text          0x000000000000a5e4       0x30 /opt/homebrew/Cellar/arm-none-eabi-gcc/10.3-2021.10/gcc/bin/../lib/gcc/arm-none-eabi/10.3.1/thumb/v7e-m+fp/hard/libgcc.a(_aeabi_uldivmod.o)
                0x000000000000a5e4                __aeabi_uldivmod
 .text          0x000000000000a614      0x2d0 /opt/homebrew/Cellar/arm-none-eabi-gcc/10.3-2021.10/gcc/bin/../lib/gcc/arm-none-eabi/10.3.1/thumb/v7e-m+fp/hard/libgcc.a(_udivmoddi4.o)
                0x000000000000a614                __udivmoddi4
 .text          0x000000000000a8e4        0x4 /opt/homebrew/Cellar/arm-none-eabi-gcc/10.3-2021.10/gcc/bin/../lib/gcc/arm-none-eabi/10.3.1/thumb/v7e-m+fp/hard/libgcc.a(_dvmd_tls.o)
                0x000000000000a8e4                __aeabi_ldiv0
                0x000000000000a8e4                __aeabi_idiv0
 *(.init)
 .init          0x000000000000a8e8        0x4 /opt/homebrew/Cellar/arm-none-eabi-gcc/10.3-2021.10/gcc/bin/../lib/gcc/arm-none-eabi/10.3.1/thumb/v7e-m+fp/hard/crti.o
                0x000000000000a8e8                _init
 .init          0x000000000000a8ec        0x8 /opt/homebrew/Cellar/arm-none-eabi-gcc/10.3-2021.10/gcc/bin/../lib/gcc/arm-none-eabi/10.3.1/thumb/v7e-m+fp/hard/crtn.o
 *(.fini)
 .fini          0x000000000000a8f4        0x4 /opt/homebrew/Cellar/arm-none-eabi-gcc/10.3-2021.10/gcc/bin/../lib/gcc/arm-none-eabi/10.3.1/thumb/v7e-m+fp/hard/crti.o
                0x000000000000a8f4                _fini
 .fini          0x000000000000a8f8        0x8 /opt/homebrew/Cellar/arm-none-eabi-gcc/10.3-2021.10/gcc/bin/../lib/gcc/arm-none-eabi/10.3.1/thumb/v7e-m+fp/hard/crtn.o
 *crtbegin.o(.ctors)
 *crtbegin?.o(.ctors)
 *(EXCLUDE_FILE(*crtend.o *crtend?.o) .ctors)
 *(SORT_BY_NAME(.ctors.*))
 *(.ctors)
 *crtbegin.o(.dtors)
 *crtbegin?.o(.dtors)
 *(EXCLUDE_FILE(*crtend.o *crtend?.o) .dtors)
 *(SORT_BY_NAME(.dtors.*))
 *(.dtors)
 *(.rodata*)
 .rodata.main.str1.1
                0x000000000000a900        0xc _build/main.o
 *fill*         0x000000000000a90c        0x4 
 .rodata.delay_machine_code.0
                0x000000000000a910        0x6 _build/main.o
 .rodata.nrf_gpio_pin_port_decode.str1.1
                0x000000000000a916       0x42 _build/better_error_handling.o
 .rodata.app_error_fault_handler.str1.1
                0x000000000000a958       0x78 _build/better_error_handling.o
 .rodata.HardFault_c_handler.str1.1
                0x000000000000a9d0      0x12e _build/better_error_handling.o
 .rodata.str1.1
                0x000000000000aafe      0x4b6 _build/better_error_handling.o
 .rodata.LED_COLS
                0x000000000000afb4        0x5 _build/better_error_handling.o
 .rodata.LED_ROWS
                0x000000000000afb9        0x5 _build/better_error_handling.o
 *fill*         0x000000000000afbe        0x2 
 .rodata.cfsr_msgs.0
                0x000000000000afc0       0x68 _build/better_error_handling.o
 *fill*         0x000000000000b028        0x8 
 .rodata.delay_machine_code.1
                0x000000000000b030        0x6 _build/better_error_handling.o
 .rodata.called_first.str1.1
                0x000000000000b036       0x74 _build/microbit_before_startup.o
 *fill*         0x000000000000b0aa        0x6 
 .rodata.delay_machine_code.0
                0x000000000000b0b0        0x6 _build/microbit_before_startup.o
 .rodata.uart_init.constprop.0.str1.1
                0x000000000000b0b6       0x7a _build/microbit_nrf_log_backend_uart.o
 .rodata        0x000000000000b130       0x20 _build/microbit_nrf_log_backend_uart.o
 .rodata.nrf_log_backend_uart_api
                0x000000000000b150        0xc _build/microbit_nrf_log_backend_uart.o
                0x000000000000b150                nrf_log_backend_uart_api
 *fill*         0x000000000000b15c        0x4 
 .rodata.delay_machine_code.0
                0x000000000000b160        0x6 _build/app_timer.o
 .rodata.app_util_critical_region_enter.str1.1
                0x000000000000b166       0x54 _build/app_util_platform.o
 .rodata.nrf_balloc_init.str1.1
                0x000000000000b1ba       0x4f _build/nrf_balloc.o
 .rodata.str1.1
                0x000000000000b209        0x6 _build/nrf_drv_clock.o
 .rodata.nrf_fprintf_buffer_flush.str1.1
                0x000000000000b20f       0x45 _build/nrf_fprintf.o
 .rodata.nrf_fprintf_fmt.str1.1
                0x000000000000b254       0x4c _build/nrf_fprintf_format.o
 .rodata._aV2C.0
                0x000000000000b2a0       0x10 _build/nrf_fprintf_format.o
 .rodata.nrf_log_default_backends_init.str1.1
                0x000000000000b2b0       0x5e _build/nrf_log_default_backends.o
 .rodata.str1.1
                0x000000000000b30e       0x11 _build/nrf_log_default_backends.o
 .rodata.buf_prealloc.str1.1
                0x000000000000b31f       0x56 _build/nrf_log_frontend.o
 .rodata.nrf_log_frontend_dequeue.str1.1
                0x000000000000b375       0x11 _build/nrf_log_frontend.o
 .rodata.str1.1
                0x000000000000b386        0x4 _build/nrf_log_frontend.o
 *fill*         0x000000000000b38a        0x2 
 .rodata.m_log_push_ringbuf
                0x000000000000b38c        0xc _build/nrf_log_frontend.o
 .rodata.prefix_process.str1.1
                0x000000000000b398       0x32 _build/nrf_log_str_formatter.o
 .rodata.postfix_process.str1.1
                0x000000000000b3ca       0x32 _build/nrf_log_str_formatter.o
                                          0x3 (size before relaxing)
 .rodata.nrf_log_hexdump_entry_process.str1.1
                0x000000000000b3ca        0xf _build/nrf_log_str_formatter.o
                                         0x11 (size before relaxing)
 .rodata.str1.1
                0x000000000000b3d9       0x4b _build/nrf_log_str_formatter.o
                                         0x51 (size before relaxing)
 .rodata.m_colors
                0x000000000000b424       0x24 _build/nrf_log_str_formatter.o
 .rodata.severity_names
                0x000000000000b448       0x14 _build/nrf_log_str_formatter.o
 .rodata.memobj_op.str1.1
                0x000000000000b45c       0x4f _build/nrf_memobj.o
 .rodata.str1.1
                0x000000000000b4ab        0x9 _build/nrf_pwr_mgmt.o
 .rodata.str1.1
                0x000000000000b4b4      0x391 _build/nrf_strerror.o
 .rodata.m_unknown_str
                0x000000000000b845       0x13 _build/nrf_strerror.o
 .rodata.nrf_strerror_array
                0x000000000000b858      0x118 _build/nrf_strerror.o
 .rodata.str1.1
                0x000000000000b970        0x6 _build/nrfx_clock.o
 .rodata.nrf_gpio_pin_port_decode.str1.1
                0x000000000000b976       0x42 _build/nrfx_gpiote.o
 .rodata.str1.1
                0x000000000000b976        0x7 _build/nrfx_gpiote.o
 .rodata.UARTE0_UART0_IRQHandler.str1.1
                0x000000000000b97d       0x4e _build/nrfx_prs.o
 .rodata.str1.1
                0x000000000000b9cb        0x4 _build/nrfx_prs.o
 .rodata.str1.1
                0x000000000000b9cf        0x4 _build/nrfx_pwm.o
 .rodata.str1.1
                0x000000000000b9d3        0x6 _build/nrfx_saadc.o
 .rodata.nrf_gpio_pin_port_decode.str1.1
                0x000000000000b9d9       0x42 _build/nrfx_spim.o
 .rodata.SPIM2_SPIS2_SPI2_IRQHandler.str1.1
                0x000000000000b9d9       0x4b _build/nrfx_spim.o
 .rodata.str1.1
                0x000000000000ba24        0x5 _build/nrfx_spim.o
 .rodata.str1.1
                0x000000000000ba29        0x6 _build/nrfx_timer.o
 .rodata.twim_irq_handler.str1.1
                0x000000000000ba2f       0x4b _build/nrfx_twim.o
 .rodata.str1.1
                0x000000000000ba7a        0x5 _build/nrfx_twim.o
 .rodata.nrf_gpio_pin_port_decode.str1.1
                0x000000000000ba7f       0x42 _build/nrfx_uart.o
 .rodata.nrfx_uart_init.str1.1
                0x000000000000ba7f       0x8e _build/nrfx_uart.o
 .rodata.str1.1
                0x000000000000bb0d        0x5 _build/nrfx_uart.o
 .rodata.nrf_gpio_pin_port_decode.str1.1
                0x000000000000bb12       0x42 _build/nrfx_uarte.o
 .rodata.nrfx_uarte_init.str1.1
                0x000000000000bb12       0x4c _build/nrfx_uarte.o
                                         0x8f (size before relaxing)
 .rodata.str1.1
                0x000000000000bb5e        0x6 _build/nrfx_uarte.o
 .rodata.irq_handlers.0
                0x000000000000bb64        0x8 _build/nrfx_uarte.o
 .rodata._ctype_
                0x000000000000bb6c      0x101 /opt/homebrew/Cellar/arm-none-eabi-gcc/10.3-2021.10/gcc/bin/../lib/gcc/arm-none-eabi/10.3.1/../../../../arm-none-eabi/lib/thumb/v7e-m+fp/hard/libc.a(lib_a-ctype_.o)
                0x000000000000bb6c                _ctype_
 *fill*         0x000000000000bc6d        0x3 
 .rodata._global_impure_ptr
                0x000000000000bc70        0x4 /opt/homebrew/Cellar/arm-none-eabi-gcc/10.3-2021.10/gcc/bin/../lib/gcc/arm-none-eabi/10.3.1/../../../../arm-none-eabi/lib/thumb/v7e-m+fp/hard/libc.a(lib_a-impure.o)
                0x000000000000bc70                _global_impure_ptr
 .rodata._vfprintf_r.str1.4
                0x000000000000bc74       0x42 /opt/homebrew/Cellar/arm-none-eabi-gcc/10.3-2021.10/gcc/bin/../lib/gcc/arm-none-eabi/10.3.1/../../../../arm-none-eabi/lib/thumb/v7e-m+fp/hard/libc.a(lib_a-vfprintf.o)
 *fill*         0x000000000000bcb6        0x2 
 .rodata.blanks.1
                0x000000000000bcb8       0x10 /opt/homebrew/Cellar/arm-none-eabi-gcc/10.3-2021.10/gcc/bin/../lib/gcc/arm-none-eabi/10.3.1/../../../../arm-none-eabi/lib/thumb/v7e-m+fp/hard/libc.a(lib_a-vfprintf.o)
 .rodata.zeroes.0
                0x000000000000bcc8       0x10 /opt/homebrew/Cellar/arm-none-eabi-gcc/10.3-2021.10/gcc/bin/../lib/gcc/arm-none-eabi/10.3.1/../../../../arm-none-eabi/lib/thumb/v7e-m+fp/hard/libc.a(lib_a-vfprintf.o)
 .rodata._dtoa_r.str1.4
                0x000000000000bcd8       0x7e /opt/homebrew/Cellar/arm-none-eabi-gcc/10.3-2021.10/gcc/bin/../lib/gcc/arm-none-eabi/10.3.1/../../../../arm-none-eabi/lib/thumb/v7e-m+fp/hard/libc.a(lib_a-dtoa.o)
                                         0x82 (size before relaxing)
 *fill*         0x000000000000bd56        0x2 
 .rodata.__multadd.str1.4
                0x000000000000bd58       0x5b /opt/homebrew/Cellar/arm-none-eabi-gcc/10.3-2021.10/gcc/bin/../lib/gcc/arm-none-eabi/10.3.1/../../../../arm-none-eabi/lib/thumb/v7e-m+fp/hard/libc.a(lib_a-mprec.o)
                                         0x6f (size before relaxing)
 *fill*         0x000000000000bdb3        0x5 
 .rodata.__mprec_bigtens
                0x000000000000bdb8       0x28 /opt/homebrew/Cellar/arm-none-eabi-gcc/10.3-2021.10/gcc/bin/../lib/gcc/arm-none-eabi/10.3.1/../../../../arm-none-eabi/lib/thumb/v7e-m+fp/hard/libc.a(lib_a-mprec.o)
                0x000000000000bdb8                __mprec_bigtens
 .rodata.__mprec_tens
                0x000000000000bde0       0xc8 /opt/homebrew/Cellar/arm-none-eabi-gcc/10.3-2021.10/gcc/bin/../lib/gcc/arm-none-eabi/10.3.1/../../../../arm-none-eabi/lib/thumb/v7e-m+fp/hard/libc.a(lib_a-mprec.o)
                0x000000000000bde0                __mprec_tens
 .rodata.p05.0  0x000000000000bea8        0xc /opt/homebrew/Cellar/arm-none-eabi-gcc/10.3-2021.10/gcc/bin/../lib/gcc/arm-none-eabi/10.3.1/../../../../arm-none-eabi/lib/thumb/v7e-m+fp/hard/libc.a(lib_a-mprec.o)
 .rodata._vfiprintf_r.str1.4
                0x000000000000beb4       0x2f /opt/homebrew/Cellar/arm-none-eabi-gcc/10.3-2021.10/gcc/bin/../lib/gcc/arm-none-eabi/10.3.1/../../../../arm-none-eabi/lib/thumb/v7e-m+fp/hard/libc.a(lib_a-vfiprintf.o)
 .rodata.blanks.1
                0x000000000000beb4       0x10 /opt/homebrew/Cellar/arm-none-eabi-gcc/10.3-2021.10/gcc/bin/../lib/gcc/arm-none-eabi/10.3.1/../../../../arm-none-eabi/lib/thumb/v7e-m+fp/hard/libc.a(lib_a-vfiprintf.o)
 .rodata.zeroes.0
                0x000000000000bec4       0x10 /opt/homebrew/Cellar/arm-none-eabi-gcc/10.3-2021.10/gcc/bin/../lib/gcc/arm-none-eabi/10.3.1/../../../../arm-none-eabi/lib/thumb/v7e-m+fp/hard/libc.a(lib_a-vfiprintf.o)
 .rodata.__assert_func.str1.4
                0x000000000000bed4       0x3f /opt/homebrew/Cellar/arm-none-eabi-gcc/10.3-2021.10/gcc/bin/../lib/gcc/arm-none-eabi/10.3.1/../../../../arm-none-eabi/lib/thumb/v7e-m+fp/hard/libc.a(lib_a-assert.o)
                                         0x43 (size before relaxing)
 *fill*         0x000000000000bf13        0x1 
 .rodata._setlocale_r.str1.4
                0x000000000000bf14        0xa /opt/homebrew/Cellar/arm-none-eabi-gcc/10.3-2021.10/gcc/bin/../lib/gcc/arm-none-eabi/10.3.1/../../../../arm-none-eabi/lib/thumb/v7e-m+fp/hard/libc.a(lib_a-locale.o)
                                          0xd (size before relaxing)
 *fill*         0x000000000000bf1e        0x2 
 .rodata.str1.4
                0x000000000000bf20        0x2 /opt/homebrew/Cellar/arm-none-eabi-gcc/10.3-2021.10/gcc/bin/../lib/gcc/arm-none-eabi/10.3.1/../../../../arm-none-eabi/lib/thumb/v7e-m+fp/hard/libc.a(lib_a-locale.o)
 *(.eh_frame*)
 *fill*         0x000000000000bf22        0x2 
 .eh_frame      0x000000000000bf24        0x0 /opt/homebrew/Cellar/arm-none-eabi-gcc/10.3-2021.10/gcc/bin/../lib/gcc/arm-none-eabi/10.3.1/thumb/v7e-m+fp/hard/crtbegin.o
 .eh_frame      0x000000000000bf24        0x4 /opt/homebrew/Cellar/arm-none-eabi-gcc/10.3-2021.10/gcc/bin/../lib/gcc/arm-none-eabi/10.3.1/thumb/v7e-m+fp/hard/crtend.o

.glue_7         0x000000000000bf28        0x0
 .glue_7        0x000000000000bf28        0x0 linker stubs

.glue_7t        0x000000000000bf28        0x0
 .glue_7t       0x000000000000bf28        0x0 linker stubs

.vfp11_veneer   0x000000000000bf28        0x0
 .vfp11_veneer  0x000000000000bf28        0x0 linker stubs

.v4_bx          0x000000000000bf28        0x0
 .v4_bx         0x000000000000bf28        0x0 linker stubs

.iplt           0x000000000000bf28        0x0
 .iplt          0x000000000000bf28        0x0 /opt/homebrew/Cellar/arm-none-eabi-gcc/10.3-2021.10/gcc/bin/../lib/gcc/arm-none-eabi/10.3.1/thumb/v7e-m+fp/hard/crtbegin.o

.pwr_mgmt_data  0x000000000000bf28        0x0
                0x000000000000bf28                PROVIDE (__start_pwr_mgmt_data = .)
 *(SORT_BY_NAME(.pwr_mgmt_data*))
                0x000000000000bf28                PROVIDE (__stop_pwr_mgmt_data = .)

.log_const_data
                0x000000000000bf28       0x68
                0x000000000000bf28                PROVIDE (__start_log_const_data = .)
 *(SORT_BY_NAME(.log_const_data*))
 .log_const_data_CLOCK
                0x000000000000bf28        0x8 _build/nrfx_clock.o
                0x000000000000bf28                m_nrf_log_CLOCK_logs_data_const
 .log_const_data_GPIOTE
                0x000000000000bf30        0x8 _build/nrfx_gpiote.o
                0x000000000000bf30                m_nrf_log_GPIOTE_logs_data_const
 .log_const_data_PRS
                0x000000000000bf38        0x8 _build/nrfx_prs.o
                0x000000000000bf38                m_nrf_log_PRS_logs_data_const
 .log_const_data_PWM
                0x000000000000bf40        0x8 _build/nrfx_pwm.o
                0x000000000000bf40                m_nrf_log_PWM_logs_data_const
 .log_const_data_SAADC
                0x000000000000bf48        0x8 _build/nrfx_saadc.o
                0x000000000000bf48                m_nrf_log_SAADC_logs_data_const
 .log_const_data_SPIM
                0x000000000000bf50        0x8 _build/nrfx_spim.o
                0x000000000000bf50                m_nrf_log_SPIM_logs_data_const
 .log_const_data_TIMER
                0x000000000000bf58        0x8 _build/nrfx_timer.o
                0x000000000000bf58                m_nrf_log_TIMER_logs_data_const
 .log_const_data_TWIM
                0x000000000000bf60        0x8 _build/nrfx_twim.o
                0x000000000000bf60                m_nrf_log_TWIM_logs_data_const
 .log_const_data_UART
                0x000000000000bf68        0x8 _build/nrfx_uart.o
                0x000000000000bf68                m_nrf_log_UART_logs_data_const
 .log_const_data_UARTE
                0x000000000000bf70        0x8 _build/nrfx_uarte.o
                0x000000000000bf70                m_nrf_log_UARTE_logs_data_const
 .log_const_data_app
                0x000000000000bf78        0x8 _build/nrf_log_frontend.o
                0x000000000000bf78                m_nrf_log_app_logs_data_const
 .log_const_data_clock
                0x000000000000bf80        0x8 _build/nrf_drv_clock.o
                0x000000000000bf80                m_nrf_log_clock_logs_data_const
 .log_const_data_pwr_mgmt
                0x000000000000bf88        0x8 _build/nrf_pwr_mgmt.o
                0x000000000000bf88                m_nrf_log_pwr_mgmt_logs_data_const
                0x000000000000bf90                PROVIDE (__stop_log_const_data = .)

.nrf_balloc     0x000000000000bf90       0x14
                [!provide]                        PROVIDE (__start_nrf_balloc = .)
 *(.nrf_balloc)
 .nrf_balloc    0x000000000000bf90       0x14 _build/nrf_log_frontend.o
                0x000000000000bf90                log_mempool
                [!provide]                        PROVIDE (__stop_nrf_balloc = .)

.log_backends   0x000000000000bfa4       0x10
 .log_backends  0x000000000000bfa4       0x10 _build/nrf_log_default_backends.o

.nrf_queue      0x000000000000bfb4        0x0
                [!provide]                        PROVIDE (__start_nrf_queue = .)
 *(.nrf_queue)
                [!provide]                        PROVIDE (__stop_nrf_queue = .)

.cli_command    0x000000000000bfb4        0x0
                [!provide]                        PROVIDE (__start_cli_command = .)
 *(.cli_command)
                [!provide]                        PROVIDE (__stop_cli_command = .)

.sdh_stack_observers
                0x000000000000bfb4        0x0
                [!provide]                        PROVIDE (__start_sdh_stack_observers = .)
 *(SORT_BY_NAME(.sdh_stack_observers*))
                [!provide]                        PROVIDE (__stop_sdh_stack_observers = .)

.sdh_req_observers
                0x000000000000bfb4        0x0
                [!provide]                        PROVIDE (__start_sdh_req_observers = .)
 *(SORT_BY_NAME(.sdh_req_observers*))
                [!provide]                        PROVIDE (__stop_sdh_req_observers = .)

.sdh_state_observers
                0x000000000000bfb4        0x0
                [!provide]                        PROVIDE (__start_sdh_state_observers = .)
 *(SORT_BY_NAME(.sdh_state_observers*))
                [!provide]                        PROVIDE (__stop_sdh_state_observers = .)

.sdh_ant_observers
                0x000000000000bfb4        0x0
                [!provide]                        PROVIDE (__start_sdh_ant_observers = .)
 *(SORT_BY_NAME(.sdh_ant_observers*))
                [!provide]                        PROVIDE (__stop_sdh_ant_observers = .)

.sdh_ble_observers
                0x000000000000bfb4        0x0
                [!provide]                        PROVIDE (__start_sdh_ble_observers = .)
 *(SORT_BY_NAME(.sdh_ble_observers*))
                [!provide]                        PROVIDE (__stop_sdh_ble_observers = .)

.sdh_soc_observers
                0x000000000000bfb4        0x0
                [!provide]                        PROVIDE (__start_sdh_soc_observers = .)
 *(SORT_BY_NAME(.sdh_soc_observers*))
                [!provide]                        PROVIDE (__stop_sdh_soc_observers = .)

.crypto_data    0x000000000000bfb4        0x0
                [!provide]                        PROVIDE (__start_crypto_data = .)
 *(SORT_BY_NAME(.crypto_data*))
                [!provide]                        PROVIDE (__stop_crypto_data = .)

.ARM.extab
 *(.ARM.extab* .gnu.linkonce.armextab.*)
                0x000000000000bfb4                __exidx_start = .

.ARM.exidx      0x000000000000bfb4        0x8
 *(.ARM.exidx* .gnu.linkonce.armexidx.*)
 .ARM.exidx     0x000000000000bfb4        0x8 /opt/homebrew/Cellar/arm-none-eabi-gcc/10.3-2021.10/gcc/bin/../lib/gcc/arm-none-eabi/10.3.1/../../../../arm-none-eabi/lib/thumb/v7e-m+fp/hard/crt0.o
                                         0x10 (size before relaxing)
 .ARM.exidx     0x000000000000bfbc        0x0 /opt/homebrew/Cellar/arm-none-eabi-gcc/10.3-2021.10/gcc/bin/../lib/gcc/arm-none-eabi/10.3.1/thumb/v7e-m+fp/hard/libgcc.a(_udivmoddi4.o)
                                          0x8 (size before relaxing)
                0x000000000000bfbc                __exidx_end = .
                0x000000000000bfbc                __etext = .

.rel.dyn        0x000000000000bfbc        0x0
 .rel.iplt      0x000000000000bfbc        0x0 /opt/homebrew/Cellar/arm-none-eabi-gcc/10.3-2021.10/gcc/bin/../lib/gcc/arm-none-eabi/10.3.1/thumb/v7e-m+fp/hard/crtbegin.o

.data           0x0000000020000000      0x9e0 load address 0x000000000000bfbc
                0x0000000020000000                __data_start__ = .
 *(vtable)
 *(.data*)
 .data.m_uart   0x0000000020000000       0x14 _build/microbit_nrf_log_backend_uart.o
                0x0000000020000000                m_uart
 .data.log_backend_cb_uart_log_backend
                0x0000000020000014        0x8 _build/nrf_log_default_backends.o
 .data.SystemCoreClock
                0x000000002000001c        0x4 _build/system_nrf52833.o
                0x000000002000001c                SystemCoreClock
 .data._impure_ptr
                0x0000000020000020        0x4 /opt/homebrew/Cellar/arm-none-eabi-gcc/10.3-2021.10/gcc/bin/../lib/gcc/arm-none-eabi/10.3.1/../../../../arm-none-eabi/lib/thumb/v7e-m+fp/hard/libc.a(lib_a-impure.o)
                0x0000000020000020                _impure_ptr
 *fill*         0x0000000020000024        0x4 
 .data.impure_data
                0x0000000020000028      0x428 /opt/homebrew/Cellar/arm-none-eabi-gcc/10.3-2021.10/gcc/bin/../lib/gcc/arm-none-eabi/10.3.1/../../../../arm-none-eabi/lib/thumb/v7e-m+fp/hard/libc.a(lib_a-impure.o)
 .data.__atexit_recursive_mutex
                0x0000000020000450        0x4 /opt/homebrew/Cellar/arm-none-eabi-gcc/10.3-2021.10/gcc/bin/../lib/gcc/arm-none-eabi/10.3.1/../../../../arm-none-eabi/lib/thumb/v7e-m+fp/hard/libc.a(lib_a-__call_atexit.o)
                0x0000000020000450                __atexit_recursive_mutex
 .data.__malloc_av_
                0x0000000020000454      0x408 /opt/homebrew/Cellar/arm-none-eabi-gcc/10.3-2021.10/gcc/bin/../lib/gcc/arm-none-eabi/10.3.1/../../../../arm-none-eabi/lib/thumb/v7e-m+fp/hard/libc.a(lib_a-mallocr.o)
                0x0000000020000454                __malloc_av_
 .data.__malloc_sbrk_base
                0x000000002000085c        0x4 /opt/homebrew/Cellar/arm-none-eabi-gcc/10.3-2021.10/gcc/bin/../lib/gcc/arm-none-eabi/10.3.1/../../../../arm-none-eabi/lib/thumb/v7e-m+fp/hard/libc.a(lib_a-mallocr.o)
                0x000000002000085c                __malloc_sbrk_base
 .data.__malloc_trim_threshold
                0x0000000020000860        0x4 /opt/homebrew/Cellar/arm-none-eabi-gcc/10.3-2021.10/gcc/bin/../lib/gcc/arm-none-eabi/10.3.1/../../../../arm-none-eabi/lib/thumb/v7e-m+fp/hard/libc.a(lib_a-mallocr.o)
                0x0000000020000860                __malloc_trim_threshold
 .data.__global_locale
                0x0000000020000864      0x16c /opt/homebrew/Cellar/arm-none-eabi-gcc/10.3-2021.10/gcc/bin/../lib/gcc/arm-none-eabi/10.3.1/../../../../arm-none-eabi/lib/thumb/v7e-m+fp/hard/libc.a(lib_a-locale.o)
                0x0000000020000864                __global_locale
                0x00000000200009d0                . = ALIGN (0x4)
                0x00000000200009d0                PROVIDE (__preinit_array_start = .)
 *(.preinit_array)
                0x00000000200009d0                PROVIDE (__preinit_array_end = .)
                0x00000000200009d0                . = ALIGN (0x4)
                0x00000000200009d0                PROVIDE (__init_array_start = .)
 *(SORT_BY_NAME(.init_array.*))
 .init_array.00000
                0x00000000200009d0        0x4 /opt/homebrew/Cellar/arm-none-eabi-gcc/10.3-2021.10/gcc/bin/../lib/gcc/arm-none-eabi/10.3.1/../../../../arm-none-eabi/lib/thumb/v7e-m+fp/hard/libc.a(lib_a-__call_atexit.o)
 *(.init_array)
 .init_array    0x00000000200009d4        0x4 /opt/homebrew/Cellar/arm-none-eabi-gcc/10.3-2021.10/gcc/bin/../lib/gcc/arm-none-eabi/10.3.1/thumb/v7e-m+fp/hard/crtbegin.o
 .init_array    0x00000000200009d8        0x4 _build/microbit_before_startup.o
                0x00000000200009dc                PROVIDE (__init_array_end = .)
                0x00000000200009dc                . = ALIGN (0x4)
                0x00000000200009dc                PROVIDE (__fini_array_start = .)
 *(SORT_BY_NAME(.fini_array.*))
 *(.fini_array)
 .fini_array    0x00000000200009dc        0x4 /opt/homebrew/Cellar/arm-none-eabi-gcc/10.3-2021.10/gcc/bin/../lib/gcc/arm-none-eabi/10.3.1/thumb/v7e-m+fp/hard/crtbegin.o
                0x00000000200009e0                PROVIDE (__fini_array_end = .)
 *(.jcr*)
                0x00000000200009e0                . = ALIGN (0x4)
                0x00000000200009e0                __data_end__ = .
LOAD /opt/homebrew/Cellar/arm-none-eabi-gcc/10.3-2021.10/gcc/bin/../lib/gcc/arm-none-eabi/10.3.1/thumb/v7e-m+fp/hard/crti.o
LOAD /opt/homebrew/Cellar/arm-none-eabi-gcc/10.3-2021.10/gcc/bin/../lib/gcc/arm-none-eabi/10.3.1/thumb/v7e-m+fp/hard/crtbegin.o
LOAD /opt/homebrew/Cellar/arm-none-eabi-gcc/10.3-2021.10/gcc/bin/../lib/gcc/arm-none-eabi/10.3.1/../../../../arm-none-eabi/lib/thumb/v7e-m+fp/hard/crt0.o
START GROUP
LOAD _build/main.o
LOAD _build/better_error_handling.o
LOAD _build/clib_stubs.o
LOAD _build/microbit_before_startup.o
LOAD _build/microbit_nrf_log_backend_uart.o
LOAD _build/microbit_retarget.o
LOAD _build/app_error_handler_gcc.o
LOAD _build/app_fifo.o
LOAD _build/app_scheduler.o
LOAD _build/app_timer.o
LOAD _build/app_uart_fifo.o
LOAD _build/app_util_platform.o
LOAD _build/hardfault_handler_gcc.o
LOAD _build/nrf_assert.o
LOAD _build/nrf_atomic.o
LOAD _build/nrf_balloc.o
LOAD _build/nrf_drv_clock.o
LOAD _build/nrf_drv_twi.o
LOAD _build/nrf_drv_uart.o
LOAD _build/nrf_fprintf.o
LOAD _build/nrf_fprintf_format.o
LOAD _build/nrf_log_backend_rtt.o
LOAD _build/nrf_log_backend_serial.o
LOAD _build/nrf_log_default_backends.o
LOAD _build/nrf_log_frontend.o
LOAD _build/nrf_log_str_formatter.o
LOAD _build/nrf_memobj.o
LOAD _build/nrf_nvmc.o
LOAD _build/nrf_pwr_mgmt.o
LOAD _build/nrf_queue.o
LOAD _build/nrf_ringbuf.o
LOAD _build/nrf_sdh.o
LOAD _build/nrf_section_iter.o
LOAD _build/nrf_serial.o
LOAD _build/nrf_strerror.o
LOAD _build/nrf_twi_mngr.o
LOAD _build/nrfx_clock.o
LOAD _build/nrfx_gpiote.o
LOAD _build/nrfx_ppi.o
LOAD _build/nrfx_prs.o
LOAD _build/nrfx_pwm.o
LOAD _build/nrfx_saadc.o
LOAD _build/nrfx_spim.o
LOAD _build/nrfx_timer.o
LOAD _build/nrfx_twi.o
LOAD _build/nrfx_twim.o
LOAD _build/nrfx_uart.o
LOAD _build/nrfx_uarte.o
LOAD _build/system_nrf52833.o
LOAD _build/app_error_weak.o
LOAD _build/gcc_startup_nrf52833.os
LOAD /opt/homebrew/Cellar/arm-none-eabi-gcc/10.3-2021.10/gcc/bin/../lib/gcc/arm-none-eabi/10.3.1/../../../../arm-none-eabi/lib/thumb/v7e-m+fp/hard/libc.a
LOAD /opt/homebrew/Cellar/arm-none-eabi-gcc/10.3-2021.10/gcc/bin/../lib/gcc/arm-none-eabi/10.3.1/../../../../arm-none-eabi/lib/thumb/v7e-m+fp/hard/libnosys.a
LOAD /opt/homebrew/Cellar/arm-none-eabi-gcc/10.3-2021.10/gcc/bin/../lib/gcc/arm-none-eabi/10.3.1/../../../../arm-none-eabi/lib/thumb/v7e-m+fp/hard/libm.a
LOAD /opt/homebrew/Cellar/arm-none-eabi-gcc/10.3-2021.10/gcc/bin/../lib/gcc/arm-none-eabi/10.3.1/../../../../arm-none-eabi/lib/thumb/v7e-m+fp/hard/libstdc++.a
END GROUP
START GROUP
LOAD /opt/homebrew/Cellar/arm-none-eabi-gcc/10.3-2021.10/gcc/bin/../lib/gcc/arm-none-eabi/10.3.1/thumb/v7e-m+fp/hard/libgcc.a
LOAD /opt/homebrew/Cellar/arm-none-eabi-gcc/10.3-2021.10/gcc/bin/../lib/gcc/arm-none-eabi/10.3.1/../../../../arm-none-eabi/lib/thumb/v7e-m+fp/hard/libc.a
END GROUP
LOAD /opt/homebrew/Cellar/arm-none-eabi-gcc/10.3-2021.10/gcc/bin/../lib/gcc/arm-none-eabi/10.3.1/thumb/v7e-m+fp/hard/crtend.o
LOAD /opt/homebrew/Cellar/arm-none-eabi-gcc/10.3-2021.10/gcc/bin/../lib/gcc/arm-none-eabi/10.3.1/thumb/v7e-m+fp/hard/crtn.o
START GROUP
LOAD /opt/homebrew/Cellar/arm-none-eabi-gcc/10.3-2021.10/gcc/bin/../lib/gcc/arm-none-eabi/10.3.1/thumb/v7e-m+fp/hard/libgcc.a
LOAD /opt/homebrew/Cellar/arm-none-eabi-gcc/10.3-2021.10/gcc/bin/../lib/gcc/arm-none-eabi/10.3.1/../../../../arm-none-eabi/lib/thumb/v7e-m+fp/hard/libc.a
LOAD /opt/homebrew/Cellar/arm-none-eabi-gcc/10.3-2021.10/gcc/bin/../lib/gcc/arm-none-eabi/10.3.1/../../../../arm-none-eabi/lib/thumb/v7e-m+fp/hard/libnosys.a
END GROUP
                0x0000000000001000                FLASH_PAGE_SIZE = 0x1000
                0x0000000000000004                FLASH_DATA_PAGES_USED = 0x4

.igot.plt       0x00000000200009e0        0x0 load address 0x000000000000c99c
 .igot.plt      0x00000000200009e0        0x0 /opt/homebrew/Cellar/arm-none-eabi-gcc/10.3-2021.10/gcc/bin/../lib/gcc/arm-none-eabi/10.3.1/thumb/v7e-m+fp/hard/crtbegin.o
                0x00000000200009e0                . = ALIGN (0x4)

.svc_data       0x00000000200009e0        0x0
                [!provide]                        PROVIDE (__start_svc_data = .)
 *(.svc_data)
                [!provide]                        PROVIDE (__stop_svc_data = .)

.fs_data        0x00000000200009e0        0x0
                [!provide]                        PROVIDE (__start_fs_data = .)
 *(.fs_data)
                [!provide]                        PROVIDE (__stop_fs_data = .)

.log_dynamic_data
                0x00000000200009e0        0x0
                0x00000000200009e0                PROVIDE (__start_log_dynamic_data = .)
 *(SORT_BY_NAME(.log_dynamic_data*))
                [!provide]                        PROVIDE (__stop_log_dynamic_data = .)

.cli_sorted_cmd_ptrs
                0x00000000200009e0        0x0
                [!provide]                        PROVIDE (__start_cli_sorted_cmd_ptrs = .)
 *(.cli_sorted_cmd_ptrs)
                [!provide]                        PROVIDE (__stop_cli_sorted_cmd_ptrs = .)

.bss            0x00000000200009e0      0x944 load address 0x000000000000c99c
                0x00000000200009e0                . = ALIGN (0x4)
                0x00000000200009e0                __bss_start__ = .
 *(.bss*)
 .bss           0x00000000200009e0       0x1c /opt/homebrew/Cellar/arm-none-eabi-gcc/10.3-2021.10/gcc/bin/../lib/gcc/arm-none-eabi/10.3.1/thumb/v7e-m+fp/hard/crtbegin.o
 .bss.m_async_mode
                0x00000000200009fc        0x1 _build/microbit_nrf_log_backend_uart.o
 .bss.m_string_buff
                0x00000000200009fd       0x40 _build/microbit_nrf_log_backend_uart.o
 .bss.m_xfer_done
                0x0000000020000a3d        0x1 _build/microbit_nrf_log_backend_uart.o
 *fill*         0x0000000020000a3e        0x2 
 .bss.m_op_queue
                0x0000000020000a40      0x10c _build/app_timer.o
 .bss.m_rtc1_reset
                0x0000000020000b4c        0x1 _build/app_timer.o
 .bss.m_rtc1_running
                0x0000000020000b4d        0x1 _build/app_timer.o
 *fill*         0x0000000020000b4e        0x2 
 .bss.m_ticks_elapsed
                0x0000000020000b50        0x8 _build/app_timer.o
 .bss.m_ticks_elapsed_q_read_ind
                0x0000000020000b58        0x1 _build/app_timer.o
 .bss.m_ticks_elapsed_q_write_ind
                0x0000000020000b59        0x1 _build/app_timer.o
 *fill*         0x0000000020000b5a        0x2 
 .bss.m_ticks_latest
                0x0000000020000b5c        0x4 _build/app_timer.o
 .bss.mp_timer_id_head
                0x0000000020000b60        0x4 _build/app_timer.o
 .bss.m_in_critical_region
                0x0000000020000b64        0x4 _build/app_util_platform.o
 .bss.m_contexts
                0x0000000020000b68        0x8 _build/nrf_drv_uart.o
 .bss.m_handlers
                0x0000000020000b70        0x8 _build/nrf_drv_uart.o
 .bss.nrf_drv_uart_use_easy_dma
                0x0000000020000b78        0x2 _build/nrf_drv_uart.o
                0x0000000020000b78                nrf_drv_uart_use_easy_dma
 *fill*         0x0000000020000b7a        0x2 
 .bss.log_mempool_nrf_balloc_cb
                0x0000000020000b7c        0x8 _build/nrf_log_frontend.o
 .bss.log_mempool_nrf_balloc_pool_mem
                0x0000000020000b84       0xc0 _build/nrf_log_frontend.o
 .bss.log_mempool_nrf_balloc_pool_stack
                0x0000000020000c44        0x8 _build/nrf_log_frontend.o
 .bss.m_log_data
                0x0000000020000c4c      0x424 _build/nrf_log_frontend.o
 .bss.m_log_push_ringbuf_buf
                0x0000000020001070       0x80 _build/nrf_log_frontend.o
 .bss.m_log_push_ringbuf_cb
                0x00000000200010f0       0x18 _build/nrf_log_frontend.o
 .bss.m_clock_cb
                0x0000000020001108        0x8 _build/nrfx_clock.o
 .bss.m_cb      0x0000000020001110       0x68 _build/nrfx_gpiote.o
 .bss.m_prs_box_4
                0x0000000020001178        0x8 _build/nrfx_prs.o
 .bss.m_cb      0x0000000020001180       0x10 _build/nrfx_pwm.o
 .bss.m_cb      0x0000000020001190       0x30 _build/nrfx_saadc.o
 .bss.m_cb      0x00000000200011c0       0x24 _build/nrfx_spim.o
 .bss.m_cb      0x00000000200011e4       0x18 _build/nrfx_timer.o
 .bss.m_cb      0x00000000200011fc       0x68 _build/nrfx_twim.o
 .bss.m_cb      0x0000000020001264       0x2c _build/nrfx_uart.o
 .bss.m_cb      0x0000000020001290       0x48 _build/nrfx_uarte.o
 .bss.__lock___atexit_recursive_mutex
                0x00000000200012d8        0x1 /opt/homebrew/Cellar/arm-none-eabi-gcc/10.3-2021.10/gcc/bin/../lib/gcc/arm-none-eabi/10.3.1/../../../../arm-none-eabi/lib/thumb/v7e-m+fp/hard/libc.a(lib_a-lock.o)
                0x00000000200012d8                __lock___atexit_recursive_mutex
 *fill*         0x00000000200012d9        0x3 
 .bss.__lock___malloc_recursive_mutex
                0x00000000200012dc        0x1 /opt/homebrew/Cellar/arm-none-eabi-gcc/10.3-2021.10/gcc/bin/../lib/gcc/arm-none-eabi/10.3.1/../../../../arm-none-eabi/lib/thumb/v7e-m+fp/hard/libc.a(lib_a-lock.o)
                0x00000000200012dc                __lock___malloc_recursive_mutex
 *fill*         0x00000000200012dd        0x3 
 .bss.__lock___sfp_recursive_mutex
                0x00000000200012e0        0x1 /opt/homebrew/Cellar/arm-none-eabi-gcc/10.3-2021.10/gcc/bin/../lib/gcc/arm-none-eabi/10.3.1/../../../../arm-none-eabi/lib/thumb/v7e-m+fp/hard/libc.a(lib_a-lock.o)
                0x00000000200012e0                __lock___sfp_recursive_mutex
 *fill*         0x00000000200012e1        0x3 
 .bss.__lock___sinit_recursive_mutex
                0x00000000200012e4        0x1 /opt/homebrew/Cellar/arm-none-eabi-gcc/10.3-2021.10/gcc/bin/../lib/gcc/arm-none-eabi/10.3.1/../../../../arm-none-eabi/lib/thumb/v7e-m+fp/hard/libc.a(lib_a-lock.o)
                0x00000000200012e4                __lock___sinit_recursive_mutex
 *fill*         0x00000000200012e5        0x3 
 .bss.__malloc_current_mallinfo
                0x00000000200012e8       0x28 /opt/homebrew/Cellar/arm-none-eabi-gcc/10.3-2021.10/gcc/bin/../lib/gcc/arm-none-eabi/10.3.1/../../../../arm-none-eabi/lib/thumb/v7e-m+fp/hard/libc.a(lib_a-mallocr.o)
                0x00000000200012e8                __malloc_current_mallinfo
 .bss.__malloc_max_sbrked_mem
                0x0000000020001310        0x4 /opt/homebrew/Cellar/arm-none-eabi-gcc/10.3-2021.10/gcc/bin/../lib/gcc/arm-none-eabi/10.3.1/../../../../arm-none-eabi/lib/thumb/v7e-m+fp/hard/libc.a(lib_a-mallocr.o)
                0x0000000020001310                __malloc_max_sbrked_mem
 .bss.__malloc_max_total_mem
                0x0000000020001314        0x4 /opt/homebrew/Cellar/arm-none-eabi-gcc/10.3-2021.10/gcc/bin/../lib/gcc/arm-none-eabi/10.3.1/../../../../arm-none-eabi/lib/thumb/v7e-m+fp/hard/libc.a(lib_a-mallocr.o)
                0x0000000020001314                __malloc_max_total_mem
 .bss.__malloc_top_pad
                0x0000000020001318        0x4 /opt/homebrew/Cellar/arm-none-eabi-gcc/10.3-2021.10/gcc/bin/../lib/gcc/arm-none-eabi/10.3.1/../../../../arm-none-eabi/lib/thumb/v7e-m+fp/hard/libc.a(lib_a-mallocr.o)
                0x0000000020001318                __malloc_top_pad
 .bss.errno     0x000000002000131c        0x4 /opt/homebrew/Cellar/arm-none-eabi-gcc/10.3-2021.10/gcc/bin/../lib/gcc/arm-none-eabi/10.3.1/../../../../arm-none-eabi/lib/thumb/v7e-m+fp/hard/libc.a(lib_a-reent.o)
                0x000000002000131c                errno
 .bss.heap_end.0
                0x0000000020001320        0x4 /opt/homebrew/Cellar/arm-none-eabi-gcc/10.3-2021.10/gcc/bin/../lib/gcc/arm-none-eabi/10.3.1/../../../../arm-none-eabi/lib/thumb/v7e-m+fp/hard/libnosys.a(sbrk.o)
 *(COMMON)
                0x0000000020001324                . = ALIGN (0x4)
                0x0000000020001324                __bss_end__ = .

.heap           0x0000000020001328     0x2000
                0x0000000020001328                __HeapBase = .
                0x0000000020001328                __end__ = .
                0x0000000020001328                PROVIDE (end = .)
 *(.heap*)
 .heap          0x0000000020001328     0x2000 _build/gcc_startup_nrf52833.os
                0x0000000020003328                __HeapLimit = .

.stack_dummy    0x0000000020001328     0x2000
 *(.stack*)
 .stack         0x0000000020001328     0x2000 _build/gcc_startup_nrf52833.os
                0x0000000020020000                __StackTop = (ORIGIN (RAM) + LENGTH (RAM))
                0x000000002001e000                __StackLimit = (__StackTop - SIZEOF (.stack_dummy))
                0x0000000020020000                PROVIDE (__stack = __StackTop)
                0x0000000000000001                ASSERT ((__StackLimit >= __HeapLimit), region RAM overflowed with stack)
                0x00000000000009e0                DataInitFlashUsed = (__bss_start__ - __data_start__)
                0x000000000000bfbc                CodeFlashUsed = (__etext - ORIGIN (FLASH))
                0x000000000000c99c                TotalFlashUsed = (CodeFlashUsed + DataInitFlashUsed)
                0x0000000000000001                ASSERT ((TotalFlashUsed <= LENGTH (FLASH)), region FLASH overflowed with .data and user data)
OUTPUT(_build/app_sdk16_blank.elf elf32-littlearm)
LOAD linker stubs

.ARM.attributes
                0x0000000000000000       0x30
 .ARM.attributes
                0x0000000000000000       0x1e /opt/homebrew/Cellar/arm-none-eabi-gcc/10.3-2021.10/gcc/bin/../lib/gcc/arm-none-eabi/10.3.1/thumb/v7e-m+fp/hard/crti.o
 .ARM.attributes
                0x000000000000001e       0x34 /opt/homebrew/Cellar/arm-none-eabi-gcc/10.3-2021.10/gcc/bin/../lib/gcc/arm-none-eabi/10.3.1/thumb/v7e-m+fp/hard/crtbegin.o
 .ARM.attributes
                0x0000000000000052       0x1c /opt/homebrew/Cellar/arm-none-eabi-gcc/10.3-2021.10/gcc/bin/../lib/gcc/arm-none-eabi/10.3.1/../../../../arm-none-eabi/lib/thumb/v7e-m+fp/hard/crt0.o
 .ARM.attributes
                0x000000000000006e       0x34 _build/main.o
 .ARM.attributes
                0x00000000000000a2       0x34 _build/better_error_handling.o
 .ARM.attributes
                0x00000000000000d6       0x34 _build/clib_stubs.o
 .ARM.attributes
                0x000000000000010a       0x34 _build/microbit_before_startup.o
 .ARM.attributes
                0x000000000000013e       0x34 _build/microbit_nrf_log_backend_uart.o
 .ARM.attributes
                0x0000000000000172       0x34 _build/microbit_retarget.o
 .ARM.attributes
                0x00000000000001a6       0x34 _build/app_error_handler_gcc.o
 .ARM.attributes
                0x00000000000001da       0x34 _build/app_timer.o
 .ARM.attributes
                0x000000000000020e       0x34 _build/app_util_platform.o
 .ARM.attributes
                0x0000000000000242       0x34 _build/hardfault_handler_gcc.o
 .ARM.attributes
                0x0000000000000276       0x34 _build/nrf_assert.o
 .ARM.attributes
                0x00000000000002aa       0x34 _build/nrf_atomic.o
 .ARM.attributes
                0x00000000000002de       0x34 _build/nrf_balloc.o
 .ARM.attributes
                0x0000000000000312       0x34 _build/nrf_drv_clock.o
 .ARM.attributes
                0x0000000000000346       0x34 _build/nrf_drv_uart.o
 .ARM.attributes
                0x000000000000037a       0x34 _build/nrf_fprintf.o
 .ARM.attributes
                0x00000000000003ae       0x34 _build/nrf_fprintf_format.o
 .ARM.attributes
                0x00000000000003e2       0x34 _build/nrf_log_backend_serial.o
 .ARM.attributes
                0x0000000000000416       0x34 _build/nrf_log_default_backends.o
 .ARM.attributes
                0x000000000000044a       0x34 _build/nrf_log_frontend.o
 .ARM.attributes
                0x000000000000047e       0x34 _build/nrf_log_str_formatter.o
 .ARM.attributes
                0x00000000000004b2       0x34 _build/nrf_memobj.o
 .ARM.attributes
                0x00000000000004e6       0x34 _build/nrf_pwr_mgmt.o
 .ARM.attributes
                0x000000000000051a       0x34 _build/nrf_ringbuf.o
 .ARM.attributes
                0x000000000000054e       0x34 _build/nrf_strerror.o
 .ARM.attributes
                0x0000000000000582       0x34 _build/nrfx_clock.o
 .ARM.attributes
                0x00000000000005b6       0x34 _build/nrfx_gpiote.o
 .ARM.attributes
                0x00000000000005ea       0x34 _build/nrfx_prs.o
 .ARM.attributes
                0x000000000000061e       0x34 _build/nrfx_pwm.o
 .ARM.attributes
                0x0000000000000652       0x34 _build/nrfx_saadc.o
 .ARM.attributes
                0x0000000000000686       0x34 _build/nrfx_spim.o
 .ARM.attributes
                0x00000000000006ba       0x34 _build/nrfx_timer.o
 .ARM.attributes
                0x00000000000006ee       0x34 _build/nrfx_twim.o
 .ARM.attributes
                0x0000000000000722       0x34 _build/nrfx_uart.o
 .ARM.attributes
                0x0000000000000756       0x34 _build/nrfx_uarte.o
 .ARM.attributes
                0x000000000000078a       0x34 _build/system_nrf52833.o
 .ARM.attributes
                0x00000000000007be       0x1c _build/gcc_startup_nrf52833.os
 .ARM.attributes
                0x00000000000007da       0x34 /opt/homebrew/Cellar/arm-none-eabi-gcc/10.3-2021.10/gcc/bin/../lib/gcc/arm-none-eabi/10.3.1/../../../../arm-none-eabi/lib/thumb/v7e-m+fp/hard/libc.a(lib_a-ctype_.o)
 .ARM.attributes
                0x000000000000080e       0x34 /opt/homebrew/Cellar/arm-none-eabi-gcc/10.3-2021.10/gcc/bin/../lib/gcc/arm-none-eabi/10.3.1/../../../../arm-none-eabi/lib/thumb/v7e-m+fp/hard/libc.a(lib_a-exit.o)
 .ARM.attributes